[2026-07-03 01:38:43] [DEBUG] Virtual environment desativado
[2026-07-03 01:38:43] [DEBUG] Otimizando performance...
[2026-07-03 01:38:43] [DEBUG] Removendo logs com mais de 30 dias...
[2026-07-03 01:38:43] [INFO] Iniciando ATENA Ω em modo interativo...
[2026-07-03 01:38:43] [DEBUG] Instalador de endpoint não encontrado: /home/ubuntu/Atena-IA/setup/install_endpoint_readiness.sh
[2026-07-03 01:38:56] [DEBUG] Detectando ambiente...
[2026-07-03 01:38:56] [INFO] Ambiente detectado: Container (Docker)
[2026-07-03 01:38:56] [DEBUG] Verificando dependências do sistema...
[2026-07-03 01:38:56] [DEBUG] Python version: 3.12
[2026-07-03 01:38:56] [DEBUG] Configurando variáveis de ambiente...
[2026-07-03 01:38:56] [DEBUG] Virtual environment desativado
[2026-07-03 01:38:56] [DEBUG] Otimizando performance...
[2026-07-03 01:38:56] [DEBUG] Removendo logs com mais de 30 dias...
[2026-07-03 01:38:56] [INFO] Iniciando ATENA Ω em modo interativo...
[2026-07-03 01:38:56] [DEBUG] Instalador de endpoint não encontrado: /home/ubuntu/Atena-IA/setup/install_endpoint_readiness.sh
[2026-07-03 01:39:16] [DEBUG] Detectando ambiente...
[2026-07-03 01:39:16] [INFO] Ambiente detectado: Container (Docker)
[2026-07-03 01:39:16] [DEBUG] Verificando dependências do sistema...
[2026-07-03 01:39:16] [DEBUG] Python version: 3.12
[2026-07-03 01:39:16] [DEBUG] Configurando variáveis de ambiente...
[2026-07-03 01:39:16] [DEBUG] Virtual environment desativado
[2026-07-03 01:39:16] [DEBUG] Otimizando performance...
[2026-07-03 01:39:16] [DEBUG] Removendo logs com mais de 30 dias...
[2026-07-03 01:39:16] [INFO] Iniciando ATENA Ω em modo interativo...
[2026-07-03 01:39:16] [DEBUG] Instalador de endpoint não encontrado: /home/ubuntu/Atena-IA/setup/install_endpoint_readiness.sh
[2026-07-03 01:39:24] [DEBUG] Detectando ambiente...
[2026-07-03 01:39:24] [INFO] Ambiente detectado: Container (Docker)
[2026-07-03 01:39:24] [DEBUG] Verificando dependências do sistema...
[2026-07-03 01:39:24] [DEBUG] Python version: 3.12
[2026-07-03 01:39:24] [DEBUG] Configurando variáveis de ambiente...
[2026-07-03 01:39:24] [DEBUG] Virtual environment desativado
[2026-07-03 01:39:24] [DEBUG] Otimizando performance...
[2026-07-03 01:39:24] [DEBUG] Removendo logs com mais de 30 dias...
[2026-07-03 01:39:24] [INFO] Iniciando ATENA Ω em modo interativo...
[2026-07-03 01:39:24] [DEBUG] Instalador de endpoint não encontrado: /home/ubuntu/Atena-IA/setup/install_endpoint_readiness.sh
[2026-07-03 01:40:04] [DEBUG] Detectando ambiente...
[2026-07-03 01:40:04] [INFO] Ambiente detectado: Container (Docker)
[2026-07-03 01:40:04] [DEBUG] Verificando dependências do sistema...
[2026-07-03 01:40:04] [DEBUG] Python version: 3.12
[2026-07-03 01:40:04] [DEBUG] Configurando variáveis de ambiente...
[2026-07-03 01:40:04] [DEBUG] Virtual environment desativado
[2026-07-03 01:40:04] [DEBUG] Otimizando performance...
[2026-07-03 01:40:04] [DEBUG] Removendo logs com mais de 30 dias...
[2026-07-03 01:40:04] [INFO] Iniciando ATENA Ω em modo interativo...
[2026-07-03 01:40:04] [DEBUG] Instalador de endpoint não encontrado: /home/ubuntu/Atena-IA/setup/install_endpoint_readiness.sh
[2026-07-03 01:42:04] [DEBUG] Detectando ambiente...
[2026-07-03 01:42:04] [INFO] Ambiente detectado: Container (Docker)
[2026-07-03 01:42:04] [DEBUG] Verificando dependências do sistema...
[2026-07-03 01:42:04] [DEBUG] Python version: 3.12
[2026-07-03 01:42:04] [DEBUG] Configurando variáveis de ambiente...
[2026-07-03 01:42:04] [DEBUG] Virtual environment desativado
[2026-07-03 01:42:04] [DEBUG] Otimizando performance...
[2026-07-03 01:42:04] [DEBUG] Aumentando limite de arquivos abertos (atual: 1024)
[2026-07-03 01:42:04] [DEBUG] Removendo logs com mais de 30 dias...
[2026-07-03 01:42:04] [INFO] Iniciando assistente de terminal...
[2026-07-03 01:42:04] [DEBUG] Instalador de endpoint não encontrado: /home/ubuntu/Atena-IA/setup/install_endpoint_readiness.sh
[2026-07-03 01:42:21] [DEBUG] Detectando ambiente...
[2026-07-03 01:42:21] [INFO] Ambiente detectado: Container (Docker)
[2026-07-03 01:42:21] [DEBUG] Verificando dependências do sistema...
[2026-07-03 01:42:21] [DEBUG] Python version: 3.12
[2026-07-03 01:42:21] [DEBUG] Configurando variáveis de ambiente...
[2026-07-03 01:42:21] [DEBUG] Virtual environment desativado
[2026-07-03 01:42:21] [DEBUG] Otimizando performance...
[2026-07-03 01:42:21] [DEBUG] Aumentando limite de arquivos abertos (atual: 1024)
[2026-07-03 01:42:21] [DEBUG] Removendo logs com mais de 30 dias...
[2026-07-03 01:42:21] [INFO] Iniciando assistente de terminal...
[2026-07-03 01:42:21] [DEBUG] Instalador de endpoint não encontrado: /home/ubuntu/Atena-IA/setup/install_endpoint_readiness.sh
[2026-07-03 01:42:38] [DEBUG] Detectando ambiente...
[2026-07-03 01:42:38] [INFO] Ambiente detectado: Container (Docker)
[2026-07-03 01:42:38] [DEBUG] Verificando dependências do sistema...
[2026-07-03 01:42:38] [DEBUG] Python version: 3.12
[2026-07-03 01:42:38] [DEBUG] Configurando variáveis de ambiente...
[2026-07-03 01:42:38] [DEBUG] Virtual environment desativado
[2026-07-03 01:42:38] [DEBUG] Otimizando performance...
[2026-07-03 01:42:38] [DEBUG] Aumentando limite de arquivos abertos (atual: 1024)
[2026-07-03 01:42:38] [DEBUG] Removendo logs com mais de 30 dias...
[2026-07-03 01:42:38] [INFO] Iniciando assistente de terminal...
[2026-07-03 01:42:38] [DEBUG] Instalador de endpoint não encontrado: /home/ubuntu/Atena-IA/setup/install_endpoint_readiness.sh
[2026-07-03 01:42:54] [DEBUG] Detectando ambiente...
[2026-07-03 01:42:54] [INFO] Ambiente detectado: Container (Docker)
[2026-07-03 01:42:54] [DEBUG] Verificando dependências do sistema...
[2026-07-03 01:42:54] [DEBUG] Python version: 3.12
[2026-07-03 01:42:54] [DEBUG] Configurando variáveis de ambiente...
[2026-07-03 01:42:54] [DEBUG] Virtual environment desativado
[2026-07-03 01:42:54] [DEBUG] Otimizando performance...
[2026-07-03 01:42:54] [DEBUG] Aumentando limite de arquivos abertos (atual: 1024)
[2026-07-03 01:42:54] [DEBUG] Removendo logs com mais de 30 dias...
[2026-07-03 01:42:54] [INFO] Iniciando assistente de terminal...
[2026-07-03 01:42:54] [DEBUG] Instalador de endpoint não encontrado: /home/ubuntu/Atena-IA/setup/install_endpoint_readiness.sh
[2026-07-03 01:43:11] [DEBUG] Detectando ambiente...
[2026-07-03 01:43:11] [INFO] Ambiente detectado: Container (Docker)
[2026-07-03 01:43:11] [DEBUG] Verificando dependências do sistema...
[2026-07-03 01:43:11] [DEBUG] Python version: 3.12
[2026-07-03 01:43:11] [DEBUG] Configurando variáveis de ambiente...
[2026-07-03 01:43:11] [DEBUG] Virtual environment desativado
[2026-07-03 01:43:11] [DEBUG] Otimizando performance...
[2026-07-03 01:43:11] [DEBUG] Aumentando limite de arquivos abertos (atual: 1024)
[2026-07-03 01:43:11] [DEBUG] Removendo logs com mais de 30 dias...
[2026-07-03 01:43:11] [INFO] Iniciando assistente de terminal...
[2026-07-03 01:43:11] [DEBUG] Instalador de endpoint não encontrado: /home/ubuntu/Atena-IA/setup/install_endpoint_readiness.sh
[2026-07-03 01:43:27] [DEBUG] Detectando ambiente...
[2026-07-03 01:43:27] [INFO] Ambiente detectado: Container (Docker)
[2026-07-03 01:43:27] [DEBUG] Verificando dependências do sistema...
[2026-07-03 01:43:27] [DEBUG] Python version: 3.12
[2026-07-03 01:43:27] [DEBUG] Configurando variáveis de ambiente...
[2026-07-03 01:43:27] [DEBUG] Virtual environment desativado
[2026-07-03 01:43:27] [DEBUG] Otimizando performance...
[2026-07-03 01:43:27] [DEBUG] Aumentando limite de arquivos abertos (atual: 1024)
[2026-07-03 01:43:27] [DEBUG] Removendo logs com mais de 30 dias...
[2026-07-03 01:43:27] [INFO] Iniciando assistente de terminal...
[2026-07-03 01:43:27] [DEBUG] Instalador de endpoint não encontrado: /home/ubuntu/Atena-IA/setup/install_endpoint_readiness.sh
[2026-07-03 01:43:43] [DEBUG] Detectando ambiente...
[2026-07-03 01:43:43] [INFO] Ambiente detectado: Container (Docker)
[2026-07-03 01:43:43] [DEBUG] Verificando dependências do sistema...
[2026-07-03 01:43:43] [DEBUG] Python version: 3.12
[2026-07-03 01:43:43] [DEBUG] Configurando variáveis de ambiente...
[2026-07-03 01:43:43] [DEBUG] Virtual environment desativado
[2026-07-03 01:43:43] [DEBUG] Otimizando performance...
[2026-07-03 01:43:43] [DEBUG] Aumentando limite de arquivos abertos (atual: 1024)
[2026-07-03 01:43:43] [DEBUG] Removendo logs com mais de 30 dias...
[2026-07-03 01:43:43] [INFO] Iniciando assistente de terminal...
[2026-07-03 01:43:43] [DEBUG] Instalador de endpoint não encontrado: /home/ubuntu/Atena-IA/setup/install_endpoint_readiness.sh
[2026-07-03 01:43:59] [DEBUG] Detectando ambiente...
[2026-07-03 01:43:59] [INFO] Ambiente detectado: Container (Docker)
[2026-07-03 01:43:59] [DEBUG] Verificando dependências do sistema...
[2026-07-03 01:43:59] [DEBUG] Python version: 3.12
[2026-07-03 01:43:59] [DEBUG] Configurando variáveis de ambiente...
[2026-07-03 01:43:59] [DEBUG] Virtual environment desativado
[2026-07-03 01:43:59] [DEBUG] Otimizando performance...
[2026-07-03 01:43:59] [DEBUG] Aumentando limite de arquivos abertos (atual: 1024)
[2026-07-03 01:43:59] [DEBUG] Removendo logs com mais de 30 dias...
[2026-07-03 01:43:59] [INFO] Iniciando assistente de terminal...
[2026-07-03 01:43:59] [DEBUG] Instalador de endpoint não encontrado: /home/ubuntu/Atena-IA/setup/install_endpoint_readiness.sh
[2026-07-03 01:44:15] [DEBUG] Detectando ambiente...
[2026-07-03 01:44:15] [INFO] Ambiente detectado: Container (Docker)
[2026-07-03 01:44:15] [DEBUG] Verificando dependências do sistema...
[2026-07-03 01:44:15] [DEBUG] Python version: 3.12
[2026-07-03 01:44:15] [DEBUG] Configurando variáveis de ambiente...
[2026-07-03 01:44:15] [DEBUG] Virtual environment desativado
[2026-07-03 01:44:15] [DEBUG] Otimizando performance...
[2026-07-03 01:44:15] [DEBUG] Aumentando limite de arquivos abertos (atual: 1024)
[2026-07-03 01:44:15] [DEBUG] Removendo logs com mais de 30 dias...
[2026-07-03 01:44:15] [INFO] Iniciando assistente de terminal...
[2026-07-03 01:44:15] [DEBUG] Instalador de endpoint não encontrado: /home/ubuntu/Atena-IA/setup/install_endpoint_readiness.sh
[2026-07-03 01:44:32] [DEBUG] Detectando ambiente...
[2026-07-03 01:44:32] [INFO] Ambiente detectado: Container (Docker)
[2026-07-03 01:44:32] [DEBUG] Verificando dependências do sistema...
[2026-07-03 01:44:32] [DEBUG] Python version: 3.12
[2026-07-03 01:44:32] [DEBUG] Configurando variáveis de ambiente...
[2026-07-03 01:44:32] [DEBUG] Virtual environment desativado
[2026-07-03 01:44:32] [DEBUG] Otimizando performance...
[2026-07-03 01:44:32] [DEBUG] Aumentando limite de arquivos abertos (atual: 1024)
[2026-07-03 01:44:32] [DEBUG] Removendo logs com mais de 30 dias...
[2026-07-03 01:44:32] [INFO] Iniciando assistente de terminal...
[2026-07-03 01:44:32] [DEBUG] Instalador de endpoint não encontrado: /home/ubuntu/Atena-IA/setup/install_endpoint_readiness.sh
[2026-07-03 01:44:49] [DEBUG] Detectando ambiente...
[2026-07-03 01:44:49] [INFO] Ambiente detectado: Container (Docker)
[2026-07-03 01:44:49] [DEBUG] Verificando dependências do sistema...
[2026-07-03 01:44:49] [DEBUG] Python version: 3.12
[2026-07-03 01:44:49] [DEBUG] Configurando variáveis de ambiente...
[2026-07-03 01:44:49] [DEBUG] Virtual environment desativado
[2026-07-03 01:44:49] [DEBUG] Otimizando performance...
[2026-07-03 01:44:49] [DEBUG] Aumentando limite de arquivos abertos (atual: 1024)
[2026-07-03 01:44:49] [DEBUG] Removendo logs com mais de 30 dias...
[2026-07-03 01:44:49] [INFO] Iniciando assistente de terminal...
[2026-07-03 01:44:49] [DEBUG] Instalador de endpoint não encontrado: /home/ubuntu/Atena-IA/setup/install_endpoint_readiness.sh
[2026-07-03 01:45:05] [DEBUG] Detectando ambiente...
[2026-07-03 01:45:05] [INFO] Ambiente detectado: Container (Docker)
[2026-07-03 01:45:05] [DEBUG] Verificando dependências do sistema...
[2026-07-03 01:45:05] [DEBUG] Python version: 3.12
[2026-07-03 01:45:05] [DEBUG] Configurando variáveis de ambiente...
[2026-07-03 01:45:05] [DEBUG] Virtual environment desativado
[2026-07-03 01:45:05] [DEBUG] Otimizando performance...
[2026-07-03 01:45:05] [DEBUG] Aumentando limite de arquivos abertos (atual: 1024)
[2026-07-03 01:45:05] [DEBUG] Removendo logs com mais de 30 dias...
[2026-07-03 01:45:05] [INFO] Iniciando assistente de terminal...
[2026-07-03 01:45:05] [DEBUG] Instalador de endpoint não encontrado: /home/ubuntu/Atena-IA/setup/install_endpoint_readiness.sh
[2026-07-03 01:45:22] [DEBUG] Detectando ambiente...
[2026-07-03 01:45:22] [INFO] Ambiente detectado: Container (Docker)
[2026-07-03 01:45:22] [DEBUG] Verificando dependências do sistema...
[2026-07-03 01:45:22] [DEBUG] Python version: 3.12
[2026-07-03 01:45:22] [DEBUG] Configurando variáveis de ambiente...
[2026-07-03 01:45:22] [DEBUG] Virtual environment desativado
[2026-07-03 01:45:22] [DEBUG] Otimizando performance...
[2026-07-03 01:45:22] [DEBUG] Aumentando limite de arquivos abertos (atual: 1024)
[2026-07-03 01:45:22] [DEBUG] Removendo logs com mais de 30 dias...
[2026-07-03 01:45:22] [INFO] Iniciando assistente de terminal...
[2026-07-03 01:45:22] [DEBUG] Instalador de endpoint não encontrado: /home/ubuntu/Atena-IA/setup/install_endpoint_readiness.sh
[2026-07-03 01:45:38] [DEBUG] Detectando ambiente...
[2026-07-03 01:45:38] [INFO] Ambiente detectado: Container (Docker)
[2026-07-03 01:45:38] [DEBUG] Verificando dependências do sistema...
[2026-07-03 01:45:38] [DEBUG] Python version: 3.12
[2026-07-03 01:45:38] [DEBUG] Configurando variáveis de ambiente...
[2026-07-03 01:45:38] [DEBUG] Virtual environment desativado
[2026-07-03 01:45:38] [DEBUG] Otimizando performance...
[2026-07-03 01:45:38] [DEBUG] Aumentando limite de arquivos abertos (atual: 1024)
[2026-07-03 01:45:38] [DEBUG] Removendo logs com mais de 30 dias...
[2026-07-03 01:45:38] [INFO] Iniciando assistente de terminal...
[2026-07-03 01:45:38] [DEBUG] Instalador de endpoint não encontrado: /home/ubuntu/Atena-IA/setup/install_endpoint_readiness.sh
[2026-07-03 01:45:55] [DEBUG] Detectando ambiente...
[2026-07-03 01:45:55] [INFO] Ambiente detectado: Container (Docker)
[2026-07-03 01:45:55] [DEBUG] Verificando dependências do sistema...
[2026-07-03 01:45:55] [DEBUG] Python version: 3.12
[2026-07-03 01:45:55] [DEBUG] Configurando variáveis de ambiente...
[2026-07-03 01:45:55] [DEBUG] Virtual environment desativado
[2026-07-03 01:45:55] [DEBUG] Otimizando performance...
[2026-07-03 01:45:55] [DEBUG] Aumentando limite de arquivos abertos (atual: 1024)
[2026-07-03 01:45:55] [DEBUG] Removendo logs com mais de 30 dias...
[2026-07-03 01:45:55] [INFO] Iniciando assistente de terminal...
[2026-07-03 01:45:55] [DEBUG] Instalador de endpoint não encontrado: /home/ubuntu/Atena-IA/setup/install_endpoint_readiness.sh
[2026-07-03 01:46:11] [DEBUG] Detectando ambiente...
[2026-07-03 01:46:11] [INFO] Ambiente detectado: Container (Docker)
[2026-07-03 01:46:11] [DEBUG] Verificando dependências do sistema...
[2026-07-03 01:46:11] [DEBUG] Python version: 3.12
[2026-07-03 01:46:11] [DEBUG] Configurando variáveis de ambiente...
[2026-07-03 01:46:11] [DEBUG] Virtual environment desativado
[2026-07-03 01:46:11] [DEBUG] Otimizando performance...
[2026-07-03 01:46:11] [DEBUG] Aumentando limite de arquivos abertos (atual: 1024)
[2026-07-03 01:46:11] [DEBUG] Removendo logs com mais de 30 dias...
[2026-07-03 01:46:11] [INFO] Iniciando assistente de terminal...
[2026-07-03 01:46:11] [DEBUG] Instalador de endpoint não encontrado: /home/ubuntu/Atena-IA/setup/install_endpoint_readiness.sh
[2026-07-03 01:46:28] [DEBUG] Detectando ambiente...
[2026-07-03 01:46:28] [INFO] Ambiente detectado: Container (Docker)
[2026-07-03 01:46:28] [DEBUG] Verificando dependências do sistema...
[2026-07-03 01:46:28] [DEBUG] Python version: 3.12
[2026-07-03 01:46:28] [DEBUG] Configurando variáveis de ambiente...
[2026-07-03 01:46:28] [DEBUG] Virtual environment desativado
[2026-07-03 01:46:28] [DEBUG] Otimizando performance...
[2026-07-03 01:46:28] [DEBUG] Aumentando limite de arquivos abertos (atual: 1024)
[2026-07-03 01:46:28] [DEBUG] Removendo logs com mais de 30 dias...
[2026-07-03 01:46:28] [INFO] Iniciando assistente de terminal...
[2026-07-03 01:46:28] [DEBUG] Instalador de endpoint não encontrado: /home/ubuntu/Atena-IA/setup/install_endpoint_readiness.sh
[2026-07-03 01:46:44] [DEBUG] Detectando ambiente...
[2026-07-03 01:46:44] [INFO] Ambiente detectado: Container (Docker)
[2026-07-03 01:46:44] [DEBUG] Verificando dependências do sistema...
[2026-07-03 01:46:44] [DEBUG] Python version: 3.12
[2026-07-03 01:46:44] [DEBUG] Configurando variáveis de ambiente...
[2026-07-03 01:46:44] [DEBUG] Virtual environment desativado
[2026-07-03 01:46:44] [DEBUG] Otimizando performance...
[2026-07-03 01:46:44] [DEBUG] Aumentando limite de arquivos abertos (atual: 1024)
[2026-07-03 01:46:44] [DEBUG] Removendo logs com mais de 30 dias...
[2026-07-03 01:46:44] [INFO] Iniciando assistente de terminal...
[2026-07-03 01:46:44] [DEBUG] Instalador de endpoint não encontrado: /home/ubuntu/Atena-IA/setup/install_endpoint_readiness.sh
[2026-07-03 01:47:01] [DEBUG] Detectando ambiente...
[2026-07-03 01:47:01] [INFO] Ambiente detectado: Container (Docker)
[2026-07-03 01:47:01] [DEBUG] Verificando dependências do sistema...
[2026-07-03 01:47:01] [DEBUG] Python version: 3.12
[2026-07-03 01:47:01] [DEBUG] Configurando variáveis de ambiente...
[2026-07-03 01:47:01] [DEBUG] Virtual environment desativado
[2026-07-03 01:47:01] [DEBUG] Otimizando performance...
[2026-07-03 01:47:01] [DEBUG] Aumentando limite de arquivos abertos (atual: 1024)
[2026-07-03 01:47:01] [DEBUG] Removendo logs com mais de 30 dias...
[2026-07-03 01:47:01] [INFO] Iniciando assistente de terminal...
[2026-07-03 01:47:01] [DEBUG] Instalador de endpoint não encontrado: /home/ubuntu/Atena-IA/setup/install_endpoint_readiness.sh
[2026-07-03 01:47:17] [DEBUG] Detectando ambiente...
[2026-07-03 01:47:17] [INFO] Ambiente detectado: Container (Docker)
[2026-07-03 01:47:17] [DEBUG] Verificando dependências do sistema...
[2026-07-03 01:47:17] [DEBUG] Python version: 3.12
[2026-07-03 01:47:17] [DEBUG] Configurando variáveis de ambiente...
[2026-07-03 01:47:17] [DEBUG] Virtual environment desativado
[2026-07-03 01:47:17] [DEBUG] Otimizando performance...
[2026-07-03 01:47:17] [DEBUG] Aumentando limite de arquivos abertos (atual: 1024)
[2026-07-03 01:47:17] [DEBUG] Removendo logs com mais de 30 dias...
[2026-07-03 01:47:17] [INFO] Iniciando assistente de terminal...
[2026-07-03 01:47:17] [DEBUG] Instalador de endpoint não encontrado: /home/ubuntu/Atena-IA/setup/install_endpoint_readiness.sh
[2026-07-03 01:47:33] [DEBUG] Detectando ambiente...
[2026-07-03 01:47:33] [INFO] Ambiente detectado: Container (Docker)
[2026-07-03 01:47:33] [DEBUG] Verificando dependências do sistema...
[2026-07-03 01:47:33] [DEBUG] Python version: 3.12
[2026-07-03 01:47:33] [DEBUG] Configurando variáveis de ambiente...
[2026-07-03 01:47:33] [DEBUG] Virtual environment desativado
[2026-07-03 01:47:33] [DEBUG] Otimizando performance...
[2026-07-03 01:47:33] [DEBUG] Aumentando limite de arquivos abertos (atual: 1024)
[2026-07-03 01:47:33] [DEBUG] Removendo logs com mais de 30 dias...
[2026-07-03 01:47:33] [INFO] Iniciando assistente de terminal...
[2026-07-03 01:47:33] [DEBUG] Instalador de endpoint não encontrado: /home/ubuntu/Atena-IA/setup/install_endpoint_readiness.sh
[2026-07-03 01:47:50] [DEBUG] Detectando ambiente...
[2026-07-03 01:47:50] [INFO] Ambiente detectado: Container (Docker)
[2026-07-03 01:47:50] [DEBUG] Verificando dependências do sistema...
[2026-07-03 01:47:50] [DEBUG] Python version: 3.12
[2026-07-03 01:47:50] [DEBUG] Configurando variáveis de ambiente...
[2026-07-03 01:47:50] [DEBUG] Virtual environment desativado
[2026-07-03 01:47:50] [DEBUG] Otimizando performance...
[2026-07-03 01:47:50] [DEBUG] Aumentando limite de arquivos abertos (atual: 1024)
[2026-07-03 01:47:50] [DEBUG] Removendo logs com mais de 30 dias...
[2026-07-03 01:47:50] [INFO] Iniciando assistente de terminal...
[2026-07-03 01:47:50] [DEBUG] Instalador de endpoint não encontrado: /home/ubuntu/Atena-IA/setup/install_endpoint_readiness.sh
[2026-07-03 01:48:06] [DEBUG] Detectando ambiente...
[2026-07-03 01:48:06] [INFO] Ambiente detectado: Container (Docker)
[2026-07-03 01:48:06] [DEBUG] Verificando dependências do sistema...
[2026-07-03 01:48:06] [DEBUG] Python version: 3.12
[2026-07-03 01:48:06] [DEBUG] Configurando variáveis de ambiente...
[2026-07-03 01:48:06] [DEBUG] Virtual environment desativado
[2026-07-03 01:48:06] [DEBUG] Otimizando performance...
[2026-07-03 01:48:06] [DEBUG] Aumentando limite de arquivos abertos (atual: 1024)
[2026-07-03 01:48:06] [DEBUG] Removendo logs com mais de 30 dias...
[2026-07-03 01:48:06] [INFO] Iniciando assistente de terminal...
[2026-07-03 01:48:06] [DEBUG] Instalador de endpoint não encontrado: /home/ubuntu/Atena-IA/setup/install_endpoint_readiness.sh
[2026-07-03 01:48:22] [DEBUG] Detectando ambiente...
[2026-07-03 01:48:22] [INFO] Ambiente detectado: Container (Docker)
[2026-07-03 01:48:22] [DEBUG] Verificando dependências do sistema...
[2026-07-03 01:48:22] [DEBUG] Python version: 3.12
[2026-07-03 01:48:22] [DEBUG] Configurando variáveis de ambiente...
[2026-07-03 01:48:22] [DEBUG] Virtual environment desativado
[2026-07-03 01:48:22] [DEBUG] Otimizando performance...
[2026-07-03 01:48:22] [DEBUG] Aumentando limite de arquivos abertos (atual: 1024)
[2026-07-03 01:48:22] [DEBUG] Removendo logs com mais de 30 dias...
[2026-07-03 01:48:22] [INFO] Iniciando assistente de terminal...
[2026-07-03 01:48:22] [DEBUG] Instalador de endpoint não encontrado: /home/ubuntu/Atena-IA/setup/install_endpoint_readiness.sh
[2026-07-03 01:48:39] [DEBUG] Detectando ambiente...
[2026-07-03 01:48:39] [INFO] Ambiente detectado: Container (Docker)
[2026-07-03 01:48:39] [DEBUG] Verificando dependências do sistema...
[2026-07-03 01:48:39] [DEBUG] Python version: 3.12
[2026-07-03 01:48:39] [DEBUG] Configurando variáveis de ambiente...
[2026-07-03 01:48:39] [DEBUG] Virtual environment desativado
[2026-07-03 01:48:39] [DEBUG] Otimizando performance...
[2026-07-03 01:48:39] [DEBUG] Aumentando limite de arquivos abertos (atual: 1024)
[2026-07-03 01:48:39] [DEBUG] Removendo logs com mais de 30 dias...
[2026-07-03 01:48:39] [INFO] Iniciando assistente de terminal...
[2026-07-03 01:48:39] [DEBUG] Instalador de endpoint não encontrado: /home/ubuntu/Atena-IA/setup/install_endpoint_readiness.sh
[2026-07-03 01:48:55] [DEBUG] Detectando ambiente...
[2026-07-03 01:48:55] [INFO] Ambiente detectado: Container (Docker)
[2026-07-03 01:48:55] [DEBUG] Verificando dependências do sistema...
[2026-07-03 01:48:55] [DEBUG] Python version: 3.12
[2026-07-03 01:48:55] [DEBUG] Configurando variáveis de ambiente...
[2026-07-03 01:48:55] [DEBUG] Virtual environment desativado
[2026-07-03 01:48:55] [DEBUG] Otimizando performance...
[2026-07-03 01:48:55] [DEBUG] Aumentando limite de arquivos abertos (atual: 1024)
[2026-07-03 01:48:55] [DEBUG] Removendo logs com mais de 30 dias...
[2026-07-03 01:48:55] [INFO] Iniciando assistente de terminal...
[2026-07-03 01:48:55] [DEBUG] Instalador de endpoint não encontrado: /home/ubuntu/Atena-IA/setup/install_endpoint_readiness.sh
[2026-07-03 01:49:12] [DEBUG] Detectando ambiente...
[2026-07-03 01:49:12] [INFO] Ambiente detectado: Container (Docker)
[2026-07-03 01:49:12] [DEBUG] Verificando dependências do sistema...
[2026-07-03 01:49:12] [DEBUG] Python version: 3.12
[2026-07-03 01:49:12] [DEBUG] Configurando variáveis de ambiente...
[2026-07-03 01:49:12] [DEBUG] Virtual environment desativado
[2026-07-03 01:49:12] [DEBUG] Otimizando performance...
[2026-07-03 01:49:12] [DEBUG] Aumentando limite de arquivos abertos (atual: 1024)
[2026-07-03 01:49:12] [DEBUG] Removendo logs com mais de 30 dias...
[2026-07-03 01:49:12] [INFO] Iniciando assistente de terminal...
[2026-07-03 01:49:12] [DEBUG] Instalador de endpoint não encontrado: /home/ubuntu/Atena-IA/setup/install_endpoint_readiness.sh
[2026-07-03 01:49:28] [DEBUG] Detectando ambiente...
[2026-07-03 01:49:28] [INFO] Ambiente detectado: Container (Docker)
[2026-07-03 01:49:28] [DEBUG] Verificando dependências do sistema...
[2026-07-03 01:49:28] [DEBUG] Python version: 3.12
[2026-07-03 01:49:28] [DEBUG] Configurando variáveis de ambiente...
[2026-07-03 01:49:28] [DEBUG] Virtual environment desativado
[2026-07-03 01:49:28] [DEBUG] Otimizando performance...
[2026-07-03 01:49:28] [DEBUG] Aumentando limite de arquivos abertos (atual: 1024)
[2026-07-03 01:49:28] [DEBUG] Removendo logs com mais de 30 dias...
[2026-07-03 01:49:28] [INFO] Iniciando assistente de terminal...
[2026-07-03 01:49:28] [DEBUG] Instalador de endpoint não encontrado: /home/ubuntu/Atena-IA/setup/install_endpoint_readiness.sh
[2026-07-03 01:49:45] [DEBUG] Detectando ambiente...
[2026-07-03 01:49:45] [INFO] Ambiente detectado: Container (Docker)
[2026-07-03 01:49:45] [DEBUG] Verificando dependências do sistema...
[2026-07-03 01:49:45] [DEBUG] Python version: 3.12
[2026-07-03 01:49:45] [DEBUG] Configurando variáveis de ambiente...
[2026-07-03 01:49:45] [DEBUG] Virtual environment desativado
[2026-07-03 01:49:45] [DEBUG] Otimizando performance...
[2026-07-03 01:49:45] [DEBUG] Aumentando limite de arquivos abertos (atual: 1024)
[2026-07-03 01:49:45] [DEBUG] Removendo logs com mais de 30 dias...
[2026-07-03 01:49:45] [INFO] Iniciando assistente de terminal...
[2026-07-03 01:49:45] [DEBUG] Instalador de endpoint não encontrado: /home/ubuntu/Atena-IA/setup/install_endpoint_readiness.sh
[2026-07-03 01:50:02] [DEBUG] Detectando ambiente...
[2026-07-03 01:50:02] [INFO] Ambiente detectado: Container (Docker)
[2026-07-03 01:50:02] [DEBUG] Verificando dependências do sistema...
[2026-07-03 01:50:02] [DEBUG] Python version: 3.12
[2026-07-03 01:50:02] [DEBUG] Configurando variáveis de ambiente...
[2026-07-03 01:50:02] [DEBUG] Virtual environment desativado
[2026-07-03 01:50:02] [DEBUG] Otimizando performance...
[2026-07-03 01:50:02] [DEBUG] Aumentando limite de arquivos abertos (atual: 1024)
[2026-07-03 01:50:02] [DEBUG] Removendo logs com mais de 30 dias...
[2026-07-03 01:50:02] [INFO] Iniciando assistente de terminal...
[2026-07-03 01:50:02] [DEBUG] Instalador de endpoint não encontrado: /home/ubuntu/Atena-IA/setup/install_endpoint_readiness.sh
[2026-07-03 01:50:18] [DEBUG] Detectando ambiente...
[2026-07-03 01:50:18] [INFO] Ambiente detectado: Container (Docker)
[2026-07-03 01:50:18] [DEBUG] Verificando dependências do sistema...
[2026-07-03 01:50:18] [DEBUG] Python version: 3.12
[2026-07-03 01:50:18] [DEBUG] Configurando variáveis de ambiente...
[2026-07-03 01:50:18] [DEBUG] Virtual environment desativado
[2026-07-03 01:50:18] [DEBUG] Otimizando performance...
[2026-07-03 01:50:18] [DEBUG] Aumentando limite de arquivos abertos (atual: 1024)
[2026-07-03 01:50:18] [DEBUG] Removendo logs com mais de 30 dias...
[2026-07-03 01:50:18] [INFO] Iniciando assistente de terminal...
[2026-07-03 01:50:18] [DEBUG] Instalador de endpoint não encontrado: /home/ubuntu/Atena-IA/setup/install_endpoint_readiness.sh
[2026-07-03 01:50:34] [DEBUG] Detectando ambiente...
[2026-07-03 01:50:34] [INFO] Ambiente detectado: Container (Docker)
[2026-07-03 01:50:34] [DEBUG] Verificando dependências do sistema...
[2026-07-03 01:50:34] [DEBUG] Python version: 3.12
[2026-07-03 01:50:34] [DEBUG] Configurando variáveis de ambiente...
[2026-07-03 01:50:34] [DEBUG] Virtual environment desativado
[2026-07-03 01:50:34] [DEBUG] Otimizando performance...
[2026-07-03 01:50:34] [DEBUG] Aumentando limite de arquivos abertos (atual: 1024)
[2026-07-03 01:50:34] [DEBUG] Removendo logs com mais de 30 dias...
[2026-07-03 01:50:34] [INFO] Iniciando assistente de terminal...
[2026-07-03 01:50:34] [DEBUG] Instalador de endpoint não encontrado: /home/ubuntu/Atena-IA/setup/install_endpoint_readiness.sh
[2026-07-03 01:50:50] [DEBUG] Detectando ambiente...
[2026-07-03 01:50:50] [INFO] Ambiente detectado: Container (Docker)
[2026-07-03 01:50:50] [DEBUG] Verificando dependências do sistema...
[2026-07-03 01:50:50] [DEBUG] Python version: 3.12
[2026-07-03 01:50:50] [DEBUG] Configurando variáveis de ambiente...
[2026-07-03 01:50:50] [DEBUG] Virtual environment desativado
[2026-07-03 01:50:50] [DEBUG] Otimizando performance...
[2026-07-03 01:50:50] [DEBUG] Aumentando limite de arquivos abertos (atual: 1024)
[2026-07-03 01:50:50] [DEBUG] Removendo logs com mais de 30 dias...
[2026-07-03 01:50:50] [INFO] Iniciando assistente de terminal...
[2026-07-03 01:50:50] [DEBUG] Instalador de endpoint não encontrado: /home/ubuntu/Atena-IA/setup/install_endpoint_readiness.sh
[2026-07-03 01:51:07] [DEBUG] Detectando ambiente...
[2026-07-03 01:51:07] [INFO] Ambiente detectado: Container (Docker)
[2026-07-03 01:51:07] [DEBUG] Verificando dependências do sistema...
[2026-07-03 01:51:07] [DEBUG] Python version: 3.12
[2026-07-03 01:51:07] [DEBUG] Configurando variáveis de ambiente...
[2026-07-03 01:51:07] [DEBUG] Virtual environment desativado
[2026-07-03 01:51:07] [DEBUG] Otimizando performance...
[2026-07-03 01:51:07] [DEBUG] Aumentando limite de arquivos abertos (atual: 1024)
[2026-07-03 01:51:07] [DEBUG] Removendo logs com mais de 30 dias...
[2026-07-03 01:51:07] [INFO] Iniciando assistente de terminal...
[2026-07-03 01:51:07] [DEBUG] Instalador de endpoint não encontrado: /home/ubuntu/Atena-IA/setup/install_endpoint_readiness.sh
[2026-07-03 01:51:23] [DEBUG] Detectando ambiente...
[2026-07-03 01:51:23] [INFO] Ambiente detectado: Container (Docker)
[2026-07-03 01:51:23] [DEBUG] Verificando dependências do sistema...
[2026-07-03 01:51:23] [DEBUG] Python version: 3.12
[2026-07-03 01:51:23] [DEBUG] Configurando variáveis de ambiente...
[2026-07-03 01:51:23] [DEBUG] Virtual environment desativado
[2026-07-03 01:51:23] [DEBUG] Otimizando performance...
[2026-07-03 01:51:23] [DEBUG] Aumentando limite de arquivos abertos (atual: 1024)
[2026-07-03 01:51:23] [DEBUG] Removendo logs com mais de 30 dias...
[2026-07-03 01:51:23] [INFO] Iniciando assistente de terminal...
[2026-07-03 01:51:23] [DEBUG] Instalador de endpoint não encontrado: /home/ubuntu/Atena-IA/setup/install_endpoint_readiness.sh
[2026-07-03 01:51:40] [DEBUG] Detectando ambiente...
[2026-07-03 01:51:40] [INFO] Ambiente detectado: Container (Docker)
[2026-07-03 01:51:40] [DEBUG] Verificando dependências do sistema...
[2026-07-03 01:51:40] [DEBUG] Python version: 3.12
[2026-07-03 01:51:40] [DEBUG] Configurando variáveis de ambiente...
[2026-07-03 01:51:40] [DEBUG] Virtual environment desativado
[2026-07-03 01:51:40] [DEBUG] Otimizando performance...
[2026-07-03 01:51:40] [DEBUG] Aumentando limite de arquivos abertos (atual: 1024)
[2026-07-03 01:51:40] [DEBUG] Removendo logs com mais de 30 dias...
[2026-07-03 01:51:40] [INFO] Iniciando assistente de terminal...
[2026-07-03 01:51:40] [DEBUG] Instalador de endpoint não encontrado: /home/ubuntu/Atena-IA/setup/install_endpoint_readiness.sh
[2026-07-03 01:51:56] [DEBUG] Detectando ambiente...
[2026-07-03 01:51:56] [INFO] Ambiente detectado: Container (Docker)
[2026-07-03 01:51:56] [DEBUG] Verificando dependências do sistema...
[2026-07-03 01:51:56] [DEBUG] Python version: 3.12
[2026-07-03 01:51:56] [DEBUG] Configurando variáveis de ambiente...
[2026-07-03 01:51:56] [DEBUG] Virtual environment desativado
[2026-07-03 01:51:56] [DEBUG] Otimizando performance...
[2026-07-03 01:51:56] [DEBUG] Aumentando limite de arquivos abertos (atual: 1024)
[2026-07-03 01:51:56] [DEBUG] Removendo logs com mais de 30 dias...
[2026-07-03 01:51:56] [INFO] Iniciando assistente de terminal...
[2026-07-03 01:51:56] [DEBUG] Instalador de endpoint não encontrado: /home/ubuntu/Atena-IA/setup/install_endpoint_readiness.sh
[2026-07-03 01:52:12] [DEBUG] Detectando ambiente...
[2026-07-03 01:52:12] [INFO] Ambiente detectado: Container (Docker)
[2026-07-03 01:52:12] [DEBUG] Verificando dependências do sistema...
[2026-07-03 01:52:12] [DEBUG] Python version: 3.12
[2026-07-03 01:52:12] [DEBUG] Configurando variáveis de ambiente...
[2026-07-03 01:52:12] [DEBUG] Virtual environment desativado
[2026-07-03 01:52:12] [DEBUG] Otimizando performance...
[2026-07-03 01:52:12] [DEBUG] Aumentando limite de arquivos abertos (atual: 1024)
[2026-07-03 01:52:12] [DEBUG] Removendo logs com mais de 30 dias...
[2026-07-03 01:52:12] [INFO] Iniciando assistente de terminal...
[2026-07-03 01:52:12] [DEBUG] Instalador de endpoint não encontrado: /home/ubuntu/Atena-IA/setup/install_endpoint_readiness.sh
[2026-07-03 01:52:29] [DEBUG] Detectando ambiente...
[2026-07-03 01:52:29] [INFO] Ambiente detectado: Container (Docker)
[2026-07-03 01:52:29] [DEBUG] Verificando dependências do sistema...
[2026-07-03 01:52:29] [DEBUG] Python version: 3.12
[2026-07-03 01:52:29] [DEBUG] Configurando variáveis de ambiente...
[2026-07-03 01:52:29] [DEBUG] Virtual environment desativado
[2026-07-03 01:52:29] [DEBUG] Otimizando performance...
[2026-07-03 01:52:29] [DEBUG] Aumentando limite de arquivos abertos (atual: 1024)
[2026-07-03 01:52:29] [DEBUG] Removendo logs com mais de 30 dias...
[2026-07-03 01:52:29] [INFO] Iniciando assistente de terminal...
[2026-07-03 01:52:29] [DEBUG] Instalador de endpoint não encontrado: /home/ubuntu/Atena-IA/setup/install_endpoint_readiness.sh
[2026-07-03 01:52:45] [DEBUG] Detectando ambiente...
[2026-07-03 01:52:45] [INFO] Ambiente detectado: Container (Docker)
[2026-07-03 01:52:45] [DEBUG] Verificando dependências do sistema...
[2026-07-03 01:52:45] [DEBUG] Python version: 3.12
[2026-07-03 01:52:45] [DEBUG] Configurando variáveis de ambiente...
[2026-07-03 01:52:45] [DEBUG] Virtual environment desativado
[2026-07-03 01:52:45] [DEBUG] Otimizando performance...
[2026-07-03 01:52:45] [DEBUG] Aumentando limite de arquivos abertos (atual: 1024)
[2026-07-03 01:52:45] [DEBUG] Removendo logs com mais de 30 dias...
[2026-07-03 01:52:45] [INFO] Iniciando assistente de terminal...
[2026-07-03 01:52:45] [DEBUG] Instalador de endpoint não encontrado: /home/ubuntu/Atena-IA/setup/install_endpoint_readiness.sh
[2026-07-03 01:53:01] [DEBUG] Detectando ambiente...
[2026-07-03 01:53:01] [INFO] Ambiente detectado: Container (Docker)
[2026-07-03 01:53:01] [DEBUG] Verificando dependências do sistema...
[2026-07-03 01:53:01] [DEBUG] Python version: 3.12
[2026-07-03 01:53:01] [DEBUG] Configurando variáveis de ambiente...
[2026-07-03 01:53:01] [DEBUG] Virtual environment desativado
[2026-07-03 01:53:01] [DEBUG] Otimizando performance...
[2026-07-03 01:53:01] [DEBUG] Aumentando limite de arquivos abertos (atual: 1024)
[2026-07-03 01:53:01] [DEBUG] Removendo logs com mais de 30 dias...
[2026-07-03 01:53:01] [INFO] Iniciando assistente de terminal...
[2026-07-03 01:53:01] [DEBUG] Instalador de endpoint não encontrado: /home/ubuntu/Atena-IA/setup/install_endpoint_readiness.sh
[2026-07-03 01:53:17] [DEBUG] Detectando ambiente...
[2026-07-03 01:53:17] [INFO] Ambiente detectado: Container (Docker)
[2026-07-03 01:53:17] [DEBUG] Verificando dependências do sistema...
[2026-07-03 01:53:17] [DEBUG] Python version: 3.12
[2026-07-03 01:53:17] [DEBUG] Configurando variáveis de ambiente...
[2026-07-03 01:53:17] [DEBUG] Virtual environment desativado
[2026-07-03 01:53:17] [DEBUG] Otimizando performance...
[2026-07-03 01:53:17] [DEBUG] Aumentando limite de arquivos abertos (atual: 1024)
[2026-07-03 01:53:17] [DEBUG] Removendo logs com mais de 30 dias...
[2026-07-03 01:53:17] [INFO] Iniciando assistente de terminal...
[2026-07-03 01:53:17] [DEBUG] Instalador de endpoint não encontrado: /home/ubuntu/Atena-IA/setup/install_endpoint_readiness.sh
[2026-07-03 01:53:34] [DEBUG] Detectando ambiente...
[2026-07-03 01:53:34] [INFO] Ambiente detectado: Container (Docker)
[2026-07-03 01:53:34] [DEBUG] Verificando dependências do sistema...
[2026-07-03 01:53:34] [DEBUG] Python version: 3.12
[2026-07-03 01:53:34] [DEBUG] Configurando variáveis de ambiente...
[2026-07-03 01:53:34] [DEBUG] Virtual environment desativado
[2026-07-03 01:53:34] [DEBUG] Otimizando performance...
[2026-07-03 01:53:34] [DEBUG] Aumentando limite de arquivos abertos (atual: 1024)
[2026-07-03 01:53:34] [DEBUG] Removendo logs com mais de 30 dias...
[2026-07-03 01:53:34] [INFO] Iniciando assistente de terminal...
[2026-07-03 01:53:34] [DEBUG] Instalador de endpoint não encontrado: /home/ubuntu/Atena-IA/setup/install_endpoint_readiness.sh
[2026-07-03 01:53:50] [DEBUG] Detectando ambiente...
[2026-07-03 01:53:50] [INFO] Ambiente detectado: Container (Docker)
[2026-07-03 01:53:50] [DEBUG] Verificando dependências do sistema...
[2026-07-03 01:53:50] [DEBUG] Python version: 3.12
[2026-07-03 01:53:50] [DEBUG] Configurando variáveis de ambiente...
[2026-07-03 01:53:50] [DEBUG] Virtual environment desativado
[2026-07-03 01:53:50] [DEBUG] Otimizando performance...
[2026-07-03 01:53:50] [DEBUG] Aumentando limite de arquivos abertos (atual: 1024)
[2026-07-03 01:53:50] [DEBUG] Removendo logs com mais de 30 dias...
[2026-07-03 01:53:50] [INFO] Iniciando assistente de terminal...
[2026-07-03 01:53:50] [DEBUG] Instalador de endpoint não encontrado: /home/ubuntu/Atena-IA/setup/install_endpoint_readiness.sh
[2026-07-03 01:54:06] [DEBUG] Detectando ambiente...
[2026-07-03 01:54:06] [INFO] Ambiente detectado: Container (Docker)
[2026-07-03 01:54:06] [DEBUG] Verificando dependências do sistema...
[2026-07-03 01:54:06] [DEBUG] Python version: 3.12
[2026-07-03 01:54:06] [DEBUG] Configurando variáveis de ambiente...
[2026-07-03 01:54:06] [DEBUG] Virtual environment desativado
[2026-07-03 01:54:06] [DEBUG] Otimizando performance...
[2026-07-03 01:54:06] [DEBUG] Aumentando limite de arquivos abertos (atual: 1024)
[2026-07-03 01:54:06] [DEBUG] Removendo logs com mais de 30 dias...
[2026-07-03 01:54:06] [INFO] Iniciando assistente de terminal...
[2026-07-03 01:54:06] [DEBUG] Instalador de endpoint não encontrado: /home/ubuntu/Atena-IA/setup/install_endpoint_readiness.sh
[2026-07-03 01:54:22] [DEBUG] Detectando ambiente...
[2026-07-03 01:54:22] [INFO] Ambiente detectado: Container (Docker)
[2026-07-03 01:54:22] [DEBUG] Verificando dependências do sistema...
[2026-07-03 01:54:22] [DEBUG] Python version: 3.12
[2026-07-03 01:54:22] [DEBUG] Configurando variáveis de ambiente...
[2026-07-03 01:54:22] [DEBUG] Virtual environment desativado
[2026-07-03 01:54:22] [DEBUG] Otimizando performance...
[2026-07-03 01:54:22] [DEBUG] Aumentando limite de arquivos abertos (atual: 1024)
[2026-07-03 01:54:22] [DEBUG] Removendo logs com mais de 30 dias...
[2026-07-03 01:54:22] [INFO] Iniciando assistente de terminal...
[2026-07-03 01:54:22] [DEBUG] Instalador de endpoint não encontrado: /home/ubuntu/Atena-IA/setup/install_endpoint_readiness.sh
[2026-07-03 01:54:39] [DEBUG] Detectando ambiente...
[2026-07-03 01:54:39] [INFO] Ambiente detectado: Container (Docker)
[2026-07-03 01:54:39] [DEBUG] Verificando dependências do sistema...
[2026-07-03 01:54:39] [DEBUG] Python version: 3.12
[2026-07-03 01:54:39] [DEBUG] Configurando variáveis de ambiente...
[2026-07-03 01:54:39] [DEBUG] Virtual environment desativado
[2026-07-03 01:54:39] [DEBUG] Otimizando performance...
[2026-07-03 01:54:39] [DEBUG] Aumentando limite de arquivos abertos (atual: 1024)
[2026-07-03 01:54:39] [DEBUG] Removendo logs com mais de 30 dias...
[2026-07-03 01:54:39] [INFO] Iniciando assistente de terminal...
[2026-07-03 01:54:39] [DEBUG] Instalador de endpoint não encontrado: /home/ubuntu/Atena-IA/setup/install_endpoint_readiness.sh
[2026-07-03 01:54:55] [DEBUG] Detectando ambiente...
[2026-07-03 01:54:55] [INFO] Ambiente detectado: Container (Docker)
[2026-07-03 01:54:55] [DEBUG] Verificando dependências do sistema...
[2026-07-03 01:54:55] [DEBUG] Python version: 3.12
[2026-07-03 01:54:55] [DEBUG] Configurando variáveis de ambiente...
[2026-07-03 01:54:55] [DEBUG] Virtual environment desativado
[2026-07-03 01:54:55] [DEBUG] Otimizando performance...
[2026-07-03 01:54:55] [DEBUG] Aumentando limite de arquivos abertos (atual: 1024)
[2026-07-03 01:54:55] [DEBUG] Removendo logs com mais de 30 dias...
[2026-07-03 01:54:55] [INFO] Iniciando assistente de terminal...
[2026-07-03 01:54:55] [DEBUG] Instalador de endpoint não encontrado: /home/ubuntu/Atena-IA/setup/install_endpoint_readiness.sh
[2026-07-03 01:55:11] [DEBUG] Detectando ambiente...
[2026-07-03 01:55:11] [INFO] Ambiente detectado: Container (Docker)
[2026-07-03 01:55:11] [DEBUG] Verificando dependências do sistema...
[2026-07-03 01:55:11] [DEBUG] Python version: 3.12
[2026-07-03 01:55:11] [DEBUG] Configurando variáveis de ambiente...
[2026-07-03 01:55:11] [DEBUG] Virtual environment desativado
[2026-07-03 01:55:11] [DEBUG] Otimizando performance...
[2026-07-03 01:55:11] [DEBUG] Aumentando limite de arquivos abertos (atual: 1024)
[2026-07-03 01:55:11] [DEBUG] Removendo logs com mais de 30 dias...
[2026-07-03 01:55:11] [INFO] Iniciando assistente de terminal...
[2026-07-03 01:55:11] [DEBUG] Instalador de endpoint não encontrado: /home/ubuntu/Atena-IA/setup/install_endpoint_readiness.sh
[2026-07-03 01:55:28] [DEBUG] Detectando ambiente...
[2026-07-03 01:55:28] [INFO] Ambiente detectado: Container (Docker)
[2026-07-03 01:55:28] [DEBUG] Verificando dependências do sistema...
[2026-07-03 01:55:28] [DEBUG] Python version: 3.12
[2026-07-03 01:55:28] [DEBUG] Configurando variáveis de ambiente...
[2026-07-03 01:55:28] [DEBUG] Virtual environment desativado
[2026-07-03 01:55:28] [DEBUG] Otimizando performance...
[2026-07-03 01:55:28] [DEBUG] Aumentando limite de arquivos abertos (atual: 1024)
[2026-07-03 01:55:28] [DEBUG] Removendo logs com mais de 30 dias...
[2026-07-03 01:55:28] [INFO] Iniciando assistente de terminal...
[2026-07-03 01:55:28] [DEBUG] Instalador de endpoint não encontrado: /home/ubuntu/Atena-IA/setup/install_endpoint_readiness.sh
[2026-07-03 01:55:44] [DEBUG] Detectando ambiente...
[2026-07-03 01:55:44] [INFO] Ambiente detectado: Container (Docker)
[2026-07-03 01:55:44] [DEBUG] Verificando dependências do sistema...
[2026-07-03 01:55:44] [DEBUG] Python version: 3.12
[2026-07-03 01:55:44] [DEBUG] Configurando variáveis de ambiente...
[2026-07-03 01:55:44] [DEBUG] Virtual environment desativado
[2026-07-03 01:55:44] [DEBUG] Otimizando performance...
[2026-07-03 01:55:44] [DEBUG] Aumentando limite de arquivos abertos (atual: 1024)
[2026-07-03 01:55:44] [DEBUG] Removendo logs com mais de 30 dias...
[2026-07-03 01:55:44] [INFO] Iniciando assistente de terminal...
[2026-07-03 01:55:44] [DEBUG] Instalador de endpoint não encontrado: /home/ubuntu/Atena-IA/setup/install_endpoint_readiness.sh
[2026-07-03 01:56:01] [DEBUG] Detectando ambiente...
[2026-07-03 01:56:01] [INFO] Ambiente detectado: Container (Docker)
[2026-07-03 01:56:01] [DEBUG] Verificando dependências do sistema...
[2026-07-03 01:56:01] [DEBUG] Python version: 3.12
[2026-07-03 01:56:01] [DEBUG] Configurando variáveis de ambiente...
[2026-07-03 01:56:01] [DEBUG] Virtual environment desativado
[2026-07-03 01:56:01] [DEBUG] Otimizando performance...
[2026-07-03 01:56:01] [DEBUG] Aumentando limite de arquivos abertos (atual: 1024)
[2026-07-03 01:56:01] [DEBUG] Removendo logs com mais de 30 dias...
[2026-07-03 01:56:01] [INFO] Iniciando assistente de terminal...
[2026-07-03 01:56:01] [DEBUG] Instalador de endpoint não encontrado: /home/ubuntu/Atena-IA/setup/install_endpoint_readiness.sh
[2026-07-03 01:56:17] [DEBUG] Detectando ambiente...
[2026-07-03 01:56:17] [INFO] Ambiente detectado: Container (Docker)
[2026-07-03 01:56:17] [DEBUG] Verificando dependências do sistema...
[2026-07-03 01:56:17] [DEBUG] Python version: 3.12
[2026-07-03 01:56:17] [DEBUG] Configurando variáveis de ambiente...
[2026-07-03 01:56:17] [DEBUG] Virtual environment desativado
[2026-07-03 01:56:17] [DEBUG] Otimizando performance...
[2026-07-03 01:56:17] [DEBUG] Aumentando limite de arquivos abertos (atual: 1024)
[2026-07-03 01:56:17] [DEBUG] Removendo logs com mais de 30 dias...
[2026-07-03 01:56:17] [INFO] Iniciando assistente de terminal...
[2026-07-03 01:56:17] [DEBUG] Instalador de endpoint não encontrado: /home/ubuntu/Atena-IA/setup/install_endpoint_readiness.sh
[2026-07-04 14:53:20] [DEBUG] Detectando ambiente...
[2026-07-04 14:53:20] [INFO] Ambiente detectado: Container (Docker)
[2026-07-04 14:53:20] [DEBUG] Verificando dependências do sistema...
[2026-07-04 14:53:20] [DEBUG] Python version: 3.12
[2026-07-04 14:53:20] [DEBUG] Configurando variáveis de ambiente...
[2026-07-04 14:53:20] [DEBUG] Virtual environment desativado
[2026-07-04 14:53:20] [DEBUG] Otimizando performance...
[2026-07-04 14:53:20] [DEBUG] Removendo logs com mais de 30 dias...
[2026-07-04 14:53:20] [INFO] Iniciando ATENA Ω em modo interativo...
[2026-07-04 14:53:20] [DEBUG] Instalador de endpoint não encontrado: /home/ubuntu/Atena-IA/setup/install_endpoint_readiness.sh
[2026-07-04 14:53:37] [DEBUG] Detectando ambiente...
[2026-07-04 14:53:37] [INFO] Ambiente detectado: Container (Docker)
[2026-07-04 14:53:37] [DEBUG] Verificando dependências do sistema...
[2026-07-04 14:53:37] [DEBUG] Python version: 3.12
[2026-07-04 14:53:37] [DEBUG] Configurando variáveis de ambiente...
[2026-07-04 14:53:37] [DEBUG] Virtual environment desativado
[2026-07-04 14:53:37] [DEBUG] Otimizando performance...
[2026-07-04 14:53:37] [DEBUG] Aumentando limite de arquivos abertos (atual: 1024)
[2026-07-04 14:53:37] [DEBUG] Removendo logs com mais de 30 dias...
[2026-07-04 14:53:37] [INFO] Iniciando assistente de terminal...
[2026-07-04 14:53:37] [DEBUG] Instalador de endpoint não encontrado: /home/ubuntu/Atena-IA/setup/install_endpoint_readiness.sh
[2026-07-04 14:53:55] [DEBUG] Detectando ambiente...
[2026-07-04 14:53:55] [INFO] Ambiente detectado: Container (Docker)
[2026-07-04 14:53:55] [DEBUG] Verificando dependências do sistema...
[2026-07-04 14:53:55] [DEBUG] Python version: 3.12
[2026-07-04 14:53:55] [DEBUG] Configurando variáveis de ambiente...
[2026-07-04 14:53:55] [DEBUG] Virtual environment desativado
[2026-07-04 14:53:55] [DEBUG] Otimizando performance...
[2026-07-04 14:53:55] [DEBUG] Aumentando limite de arquivos abertos (atual: 1024)
[2026-07-04 14:53:55] [DEBUG] Removendo logs com mais de 30 dias...
[2026-07-04 14:53:55] [INFO] Iniciando assistente de terminal...
[2026-07-04 14:53:55] [DEBUG] Instalador de endpoint não encontrado: /home/ubuntu/Atena-IA/setup/install_endpoint_readiness.sh
[2026-07-04 14:54:10] [DEBUG] Detectando ambiente...
[2026-07-04 14:54:10] [INFO] Ambiente detectado: Container (Docker)
[2026-07-04 14:54:10] [DEBUG] Verificando dependências do sistema...
[2026-07-04 14:54:10] [DEBUG] Python version: 3.12
[2026-07-04 14:54:10] [DEBUG] Configurando variáveis de ambiente...
[2026-07-04 14:54:10] [DEBUG] Virtual environment desativado
[2026-07-04 14:54:10] [DEBUG] Otimizando performance...
[2026-07-04 14:54:10] [DEBUG] Removendo logs com mais de 30 dias...
[2026-07-04 14:54:10] [INFO] Iniciando assistente de terminal...
[2026-07-04 14:54:10] [DEBUG] Instalador de endpoint não encontrado: /home/ubuntu/Atena-IA/setup/install_endpoint_readiness.sh
[2026-07-04 14:54:12] [DEBUG] Detectando ambiente...
[2026-07-04 14:54:12] [INFO] Ambiente detectado: Container (Docker)
[2026-07-04 14:54:12] [DEBUG] Verificando dependências do sistema...
[2026-07-04 14:54:12] [DEBUG] Python version: 3.12
[2026-07-04 14:54:12] [DEBUG] Configurando variáveis de ambiente...
[2026-07-04 14:54:12] [DEBUG] Virtual environment desativado
[2026-07-04 14:54:12] [DEBUG] Otimizando performance...
[2026-07-04 14:54:12] [DEBUG] Aumentando limite de arquivos abertos (atual: 1024)
[2026-07-04 14:54:12] [DEBUG] Removendo logs com mais de 30 dias...
[2026-07-04 14:54:12] [INFO] Iniciando assistente de terminal...
[2026-07-04 14:54:12] [DEBUG] Instalador de endpoint não encontrado: /home/ubuntu/Atena-IA/setup/install_endpoint_readiness.sh
[2026-07-04 14:54:28] [DEBUG] Detectando ambiente...
[2026-07-04 14:54:28] [INFO] Ambiente detectado: Container (Docker)
[2026-07-04 14:54:28] [DEBUG] Verificando dependências do sistema...
[2026-07-04 14:54:28] [DEBUG] Python version: 3.12
[2026-07-04 14:54:28] [DEBUG] Configurando variáveis de ambiente...
[2026-07-04 14:54:28] [DEBUG] Virtual environment desativado
[2026-07-04 14:54:28] [DEBUG] Otimizando performance...
[2026-07-04 14:54:28] [DEBUG] Aumentando limite de arquivos abertos (atual: 1024)
[2026-07-04 14:54:28] [DEBUG] Removendo logs com mais de 30 dias...
[2026-07-04 14:54:28] [INFO] Iniciando assistente de terminal...
[2026-07-04 14:54:28] [DEBUG] Instalador de endpoint não encontrado: /home/ubuntu/Atena-IA/setup/install_endpoint_readiness.sh
[2026-07-04 14:54:44] [DEBUG] Detectando ambiente...
[2026-07-04 14:54:44] [INFO] Ambiente detectado: Container (Docker)
[2026-07-04 14:54:44] [DEBUG] Verificando dependências do sistema...
[2026-07-04 14:54:44] [DEBUG] Python version: 3.12
[2026-07-04 14:54:44] [DEBUG] Configurando variáveis de ambiente...
[2026-07-04 14:54:44] [DEBUG] Virtual environment desativado
[2026-07-04 14:54:44] [DEBUG] Otimizando performance...
[2026-07-04 14:54:44] [DEBUG] Aumentando limite de arquivos abertos (atual: 1024)
[2026-07-04 14:54:44] [DEBUG] Removendo logs com mais de 30 dias...
[2026-07-04 14:54:44] [INFO] Iniciando assistente de terminal...
[2026-07-04 14:54:44] [DEBUG] Instalador de endpoint não encontrado: /home/ubuntu/Atena-IA/setup/install_endpoint_readiness.sh
[2026-07-04 14:55:01] [DEBUG] Detectando ambiente...
[2026-07-04 14:55:01] [INFO] Ambiente detectado: Container (Docker)
[2026-07-04 14:55:01] [DEBUG] Verificando dependências do sistema...
[2026-07-04 14:55:01] [DEBUG] Python version: 3.12
[2026-07-04 14:55:01] [DEBUG] Configurando variáveis de ambiente...
[2026-07-04 14:55:01] [DEBUG] Virtual environment desativado
[2026-07-04 14:55:01] [DEBUG] Otimizando performance...
[2026-07-04 14:55:01] [DEBUG] Aumentando limite de arquivos abertos (atual: 1024)
[2026-07-04 14:55:01] [DEBUG] Removendo logs com mais de 30 dias...
[2026-07-04 14:55:01] [INFO] Iniciando assistente de terminal...
[2026-07-04 14:55:01] [DEBUG] Instalador de endpoint não encontrado: /home/ubuntu/Atena-IA/setup/install_endpoint_readiness.sh
[2026-07-04 14:55:17] [DEBUG] Detectando ambiente...
[2026-07-04 14:55:17] [INFO] Ambiente detectado: Container (Docker)
[2026-07-04 14:55:17] [DEBUG] Verificando dependências do sistema...
[2026-07-04 14:55:17] [DEBUG] Python version: 3.12
[2026-07-04 14:55:17] [DEBUG] Configurando variáveis de ambiente...
[2026-07-04 14:55:17] [DEBUG] Virtual environment desativado
[2026-07-04 14:55:17] [DEBUG] Otimizando performance...
[2026-07-04 14:55:17] [DEBUG] Aumentando limite de arquivos abertos (atual: 1024)
[2026-07-04 14:55:17] [DEBUG] Removendo logs com mais de 30 dias...
[2026-07-04 14:55:17] [INFO] Iniciando assistente de terminal...
[2026-07-04 14:55:17] [DEBUG] Instalador de endpoint não encontrado: /home/ubuntu/Atena-IA/setup/install_endpoint_readiness.sh
[2026-07-04 14:55:33] [DEBUG] Detectando ambiente...
[2026-07-04 14:55:33] [INFO] Ambiente detectado: Container (Docker)
[2026-07-04 14:55:33] [DEBUG] Verificando dependências do sistema...
[2026-07-04 14:55:33] [DEBUG] Python version: 3.12
[2026-07-04 14:55:33] [DEBUG] Configurando variáveis de ambiente...
[2026-07-04 14:55:33] [DEBUG] Virtual environment desativado
[2026-07-04 14:55:33] [DEBUG] Otimizando performance...
[2026-07-04 14:55:33] [DEBUG] Aumentando limite de arquivos abertos (atual: 1024)
[2026-07-04 14:55:33] [DEBUG] Removendo logs com mais de 30 dias...
[2026-07-04 14:55:33] [INFO] Iniciando assistente de terminal...
[2026-07-04 14:55:33] [DEBUG] Instalador de endpoint não encontrado: /home/ubuntu/Atena-IA/setup/install_endpoint_readiness.sh
[2026-07-04 14:55:50] [DEBUG] Detectando ambiente...
[2026-07-04 14:55:50] [INFO] Ambiente detectado: Container (Docker)
[2026-07-04 14:55:50] [DEBUG] Verificando dependências do sistema...
[2026-07-04 14:55:50] [DEBUG] Python version: 3.12
[2026-07-04 14:55:50] [DEBUG] Configurando variáveis de ambiente...
[2026-07-04 14:55:50] [DEBUG] Virtual environment desativado
[2026-07-04 14:55:50] [DEBUG] Otimizando performance...
[2026-07-04 14:55:50] [DEBUG] Aumentando limite de arquivos abertos (atual: 1024)
[2026-07-04 14:55:50] [DEBUG] Removendo logs com mais de 30 dias...
[2026-07-04 14:55:50] [INFO] Iniciando assistente de terminal...
[2026-07-04 14:55:50] [DEBUG] Instalador de endpoint não encontrado: /home/ubuntu/Atena-IA/setup/install_endpoint_readiness.sh
[2026-09-04 18:08:56] [DEBUG] Detectando ambiente...
[2026-09-04 18:08:56] [INFO] Ambiente detectado: Container (Docker)
[2026-09-04 18:08:56] [DEBUG] Verificando dependências do sistema...
[2026-09-04 18:08:56] [DEBUG] Python version: 3.12
[2026-09-04 18:08:56] [HEADER] 🔧 ATENA Doctor - Diagnóstico do Sistema
[2026-09-04 18:11:42] [DEBUG] Detectando ambiente...
[2026-09-04 18:11:42] [INFO] Ambiente detectado: Container (Docker)
[2026-09-04 18:11:42] [DEBUG] Verificando dependências do sistema...
[2026-09-04 18:11:42] [DEBUG] Python version: 3.12
[2026-09-04 18:11:42] [DEBUG] Configurando variáveis de ambiente...
[2026-09-04 18:11:42] [DEBUG] Virtual environment desativado
[2026-09-04 18:11:42] [DEBUG] Otimizando performance...
[2026-09-04 18:11:42] [DEBUG] Removendo logs com mais de 30 dias...
[2026-09-04 18:11:42] [INFO] Modo autônomo ativado
[2026-09-04 18:12:12] [METRIC] Métricas coletadas: CPU=23.8% MEM=52.2233% DISK=40%
[2026-09-04 18:20:11] [DEBUG] Detectando ambiente...
[2026-09-04 18:20:11] [INFO] Ambiente detectado: Container (Docker)
[2026-09-04 18:20:11] [DEBUG] Verificando dependências do sistema...
[2026-09-04 18:20:11] [DEBUG] Python version: 3.12
[2026-09-04 18:20:11] [DEBUG] Configurando variáveis de ambiente...
[2026-09-04 18:20:11] [DEBUG] Virtual environment desativado
[2026-09-04 18:20:11] [DEBUG] Otimizando performance...
[2026-09-04 18:20:11] [DEBUG] Removendo logs com mais de 30 dias...
[2026-09-04 18:20:11] [INFO] Iniciando aprendizado contínuo...
[2026-09-04 18:21:54] [DEBUG] Detectando ambiente...
[2026-09-04 18:21:54] [INFO] Ambiente detectado: Container (Docker)
[2026-09-04 18:21:54] [DEBUG] Verificando dependências do sistema...
[2026-09-04 18:21:54] [DEBUG] Python version: 3.12
[2026-09-04 18:21:54] [DEBUG] Configurando variáveis de ambiente...
[2026-09-04 18:21:54] [DEBUG] Virtual environment desativado
[2026-09-04 18:21:54] [DEBUG] Otimizando performance...
[2026-09-04 18:21:54] [DEBUG] Removendo logs com mais de 30 dias...
[2026-09-04 18:21:54] [INFO] Iniciando aprendizado contínuo...
[2026-09-04 18:22:26] [DEBUG] Detectando ambiente...
[2026-09-04 18:22:26] [INFO] Ambiente detectado: Container (Docker)
[2026-09-04 18:22:26] [DEBUG] Verificando dependências do sistema...
[2026-09-04 18:22:26] [DEBUG] Python version: 3.12
[2026-09-04 18:22:26] [DEBUG] Configurando variáveis de ambiente...
[2026-09-04 18:22:26] [DEBUG] Virtual environment desativado
[2026-09-04 18:22:26] [DEBUG] Otimizando performance...
[2026-09-04 18:22:27] [DEBUG] Removendo logs com mais de 30 dias...
[2026-09-04 18:22:27] [INFO] Iniciando aprendizado contínuo...
[2026-09-04 18:26:05] [DEBUG] Detectando ambiente...
[2026-09-04 18:26:05] [INFO] Ambiente detectado: Container (Docker)
[2026-09-04 18:26:05] [DEBUG] Verificando dependências do sistema...
[2026-09-04 18:26:05] [DEBUG] Python version: 3.12
[2026-09-04 18:26:05] [DEBUG] Configurando variáveis de ambiente...
[2026-09-04 18:26:05] [DEBUG] Virtual environment desativado
[2026-09-04 18:26:05] [DEBUG] Otimizando performance...
[2026-09-04 18:26:05] [DEBUG] Removendo logs com mais de 30 dias...
[2026-09-04 18:26:05] [INFO] Iniciando aprendizado contínuo...
[2026-09-04 18:26:45] [DEBUG] Detectando ambiente...
[2026-09-04 18:26:45] [INFO] Ambiente detectado: Container (Docker)
[2026-09-04 18:26:45] [DEBUG] Verificando dependências do sistema...
[2026-09-04 18:26:45] [DEBUG] Python version: 3.12
[2026-09-04 18:26:45] [DEBUG] Configurando variáveis de ambiente...
[2026-09-04 18:26:45] [DEBUG] Virtual environment desativado
[2026-09-04 18:26:45] [DEBUG] Otimizando performance...
[2026-09-04 18:26:45] [DEBUG] Removendo logs com mais de 30 dias...
[2026-09-04 18:26:45] [INFO] Iniciando aprendizado contínuo...
[2026-09-04 18:36:17] [DEBUG] Detectando ambiente...
[2026-09-04 18:36:17] [INFO] Ambiente detectado: Container (Docker)
[2026-09-04 18:36:17] [DEBUG] Verificando dependências do sistema...
[2026-09-04 18:36:17] [DEBUG] Python version: 3.12
[2026-09-04 18:36:17] [DEBUG] Configurando variáveis de ambiente...
[2026-09-04 18:36:17] [DEBUG] Virtual environment desativado
[2026-09-04 18:36:17] [DEBUG] Otimizando performance...
[2026-09-04 18:36:17] [WARNING] ATENA já está em execução (PID: 21630)
[2026-09-04 18:36:17] [ERROR] Use ATENA_FORCE=true para forçar execução
[2026-09-04 18:36:34] [DEBUG] Detectando ambiente...
[2026-09-04 18:36:34] [INFO] Ambiente detectado: Container (Docker)
[2026-09-04 18:36:34] [DEBUG] Verificando dependências do sistema...
[2026-09-04 18:36:34] [DEBUG] Python version: 3.12
[2026-09-04 18:36:34] [DEBUG] Configurando variáveis de ambiente...
[2026-09-04 18:36:34] [DEBUG] Virtual environment desativado
[2026-09-04 18:36:34] [DEBUG] Otimizando performance...
[2026-09-04 18:36:34] [WARNING] ATENA já está em execução (PID: 21630)
[2026-09-04 18:36:34] [WARNING] Forçando execução...
[2026-09-04 18:36:34] [DEBUG] Removendo logs com mais de 30 dias...
[2026-09-04 18:36:34] [INFO] Preparando download do modelo local...
[2026-09-04 18:36:52] [DEBUG] Detectando ambiente...
[2026-09-04 18:36:52] [INFO] Ambiente detectado: Container (Docker)
[2026-09-04 18:36:52] [DEBUG] Verificando dependências do sistema...
[2026-09-04 18:36:52] [DEBUG] Python version: 3.12
[2026-09-04 18:36:52] [DEBUG] Configurando variáveis de ambiente...
[2026-09-04 18:36:52] [DEBUG] Virtual environment desativado
[2026-09-04 18:36:52] [DEBUG] Otimizando performance...
[2026-09-04 18:36:52] [DEBUG] Removendo logs com mais de 30 dias...
[2026-09-04 18:36:52] [INFO] Preparando download do modelo local...
[2026-09-04 18:45:33] [DEBUG] Detectando ambiente...
[2026-09-04 18:45:33] [INFO] Ambiente detectado: Container (Docker)
[2026-09-04 18:45:33] [DEBUG] Verificando dependências do sistema...
[2026-09-04 18:45:33] [DEBUG] Python version: 3.12
[2026-09-04 18:45:33] [DEBUG] Configurando variáveis de ambiente...
[2026-09-04 18:45:33] [DEBUG] Virtual environment desativado
[2026-09-04 18:45:33] [DEBUG] Otimizando performance...
[2026-09-04 18:45:33] [DEBUG] Removendo logs com mais de 30 dias...
[2026-09-04 18:45:33] [INFO] Preparando download do modelo local...
[2026-09-04 18:45:57] [DEBUG] Detectando ambiente...
[2026-09-04 18:45:57] [INFO] Ambiente detectado: Container (Docker)
[2026-09-04 18:45:57] [DEBUG] Verificando dependências do sistema...
[2026-09-04 18:45:57] [DEBUG] Python version: 3.12
[2026-09-04 18:45:57] [DEBUG] Configurando variáveis de ambiente...
[2026-09-04 18:45:57] [DEBUG] Virtual environment desativado
[2026-09-04 18:45:57] [DEBUG] Otimizando performance...
[2026-09-04 18:45:57] [DEBUG] Removendo logs com mais de 30 dias...
[2026-09-04 18:45:57] [INFO] Preparando download do modelo local...
[2026-09-04 18:47:55] [DEBUG] Detectando ambiente...
[2026-09-04 18:47:55] [INFO] Ambiente detectado: Container (Docker)
[2026-09-04 18:47:55] [DEBUG] Verificando dependências do sistema...
[2026-09-04 18:47:55] [DEBUG] Python version: 3.12
[2026-09-04 18:47:55] [DEBUG] Configurando variáveis de ambiente...
[2026-09-04 18:47:55] [DEBUG] Virtual environment desativado
[2026-09-04 18:47:55] [DEBUG] Otimizando performance...
[2026-09-04 18:47:55] [DEBUG] Removendo logs com mais de 30 dias...
[2026-09-04 18:47:55] [INFO] Preparando download do modelo local...
[2026-09-09 02:37:14] [DEBUG] Detectando ambiente...
[2026-09-09 02:37:14] [INFO] Ambiente detectado: CI/CD (GitHub Actions)
[2026-09-09 02:37:14] [DEBUG] Verificando dependências do sistema...
[2026-09-09 02:37:15] [DEBUG] Python version: 3.13
[2026-09-09 02:37:15] [DEBUG] Configurando variáveis de ambiente...
[2026-09-09 02:37:15] [DEBUG] Virtual environment desativado
[2026-09-09 02:37:15] [DEBUG] Otimizando performance...
[2026-09-09 02:37:15] [DEBUG] Removendo logs com mais de 30 dias...
[2026-09-09 02:37:15] [INFO] Executando self-test...
[2026-09-09 02:37:23] [DEBUG] Detectando ambiente...
[2026-09-09 02:37:23] [INFO] Ambiente detectado: CI/CD (GitHub Actions)
[2026-09-09 02:37:23] [DEBUG] Verificando dependências do sistema...
[2026-09-09 02:37:23] [DEBUG] Python version: 3.13
[2026-09-09 02:37:24] [HEADER] 🔧 ATENA Doctor - Diagnóstico do Sistema
[2026-09-09 02:37:24] [DEBUG] Detectando ambiente...
[2026-09-09 02:37:24] [INFO] Ambiente detectado: CI/CD (GitHub Actions)
[2026-09-09 02:37:24] [DEBUG] Verificando dependências do sistema...
[2026-09-09 02:37:25] [DEBUG] Python version: 3.13
[2026-09-09 02:37:25] [DEBUG] Configurando variáveis de ambiente...
[2026-09-09 02:37:25] [DEBUG] Virtual environment desativado
[2026-09-09 02:37:25] [DEBUG] Otimizando performance...
[2026-09-09 02:37:26] [DEBUG] Removendo logs com mais de 30 dias...
[2026-09-09 02:37:26] [INFO] Executando release gate...
[2026-09-09 02:37:27] [DEBUG] Detectando ambiente...
[2026-09-09 02:37:27] [INFO] Ambiente detectado: CI/CD (GitHub Actions)
[2026-09-09 02:37:27] [DEBUG] Verificando dependências do sistema...
[2026-09-09 02:37:28] [DEBUG] Python version: 3.13
[2026-09-09 02:37:28] [DEBUG] Configurando variáveis de ambiente...
[2026-09-09 02:37:28] [DEBUG] Virtual environment desativado
[2026-09-09 02:37:28] [DEBUG] Otimizando performance...
[2026-09-09 02:37:28] [WARNING] ATENA já está em execução (PID: 765)
[2026-09-09 02:37:28] [ERROR] Use ATENA_FORCE=true para forçar execução
[2026-09-09 02:37:31] [DEBUG] Detectando ambiente...
[2026-09-09 02:37:31] [INFO] Ambiente detectado: CI/CD (GitHub Actions)
[2026-09-09 02:37:31] [DEBUG] Verificando dependências do sistema...
[2026-09-09 02:37:32] [DEBUG] Python version: 3.13
[2026-09-09 02:37:32] [DEBUG] Configurando variáveis de ambiente...
[2026-09-09 02:37:32] [DEBUG] Virtual environment desativado
[2026-09-09 02:37:32] [DEBUG] Otimizando performance...
[2026-09-09 02:37:33] [WARNING] ATENA já está em execução (PID: 765)
[2026-09-09 02:37:33] [ERROR] Use ATENA_FORCE=true para forçar execução
[2026-09-09 02:37:33] [DEBUG] Detectando ambiente...
[2026-09-09 02:37:33] [INFO] Ambiente detectado: CI/CD (GitHub Actions)
[2026-09-09 02:37:33] [DEBUG] Verificando dependências do sistema...
[2026-09-09 02:37:33] [DEBUG] Python version: 3.13
[2026-09-09 02:37:33] [DEBUG] Configurando variáveis de ambiente...
[2026-09-09 02:37:33] [DEBUG] Virtual environment desativado
[2026-09-09 02:37:33] [DEBUG] Otimizando performance...
[2026-09-09 02:37:34] [WARNING] ATENA já está em execução (PID: 765)
[2026-09-09 02:37:34] [ERROR] Use ATENA_FORCE=true para forçar execução
[2026-09-09 02:37:34] [DEBUG] Detectando ambiente...
[2026-09-09 02:37:34] [INFO] Ambiente detectado: CI/CD (GitHub Actions)
[2026-09-09 02:37:34] [DEBUG] Verificando dependências do sistema...
[2026-09-09 02:37:35] [DEBUG] Python version: 3.13
[2026-09-09 02:37:35] [DEBUG] Configurando variáveis de ambiente...
[2026-09-09 02:37:35] [DEBUG] Virtual environment desativado
[2026-09-09 02:37:35] [DEBUG] Otimizando performance...
[2026-09-09 02:37:35] [WARNING] ATENA já está em execução (PID: 765)
[2026-09-09 02:37:35] [ERROR] Use ATENA_FORCE=true para forçar execução
[2026-09-09 02:37:36] [DEBUG] Detectando ambiente...
[2026-09-09 02:37:36] [INFO] Ambiente detectado: CI/CD (GitHub Actions)
[2026-09-09 02:37:36] [DEBUG] Verificando dependências do sistema...
[2026-09-09 02:37:37] [DEBUG] Python version: 3.13
[2026-09-09 02:37:37] [HEADER] 🔧 ATENA Doctor - Diagnóstico do Sistema
[2026-09-09 02:37:39] [DEBUG] Detectando ambiente...
[2026-09-09 02:37:39] [INFO] Ambiente detectado: CI/CD (GitHub Actions)
[2026-09-09 02:37:39] [DEBUG] Verificando dependências do sistema...
[2026-09-09 02:37:40] [DEBUG] Python version: 3.13
[2026-09-09 02:37:40] [DEBUG] Configurando variáveis de ambiente...
[2026-09-09 02:37:40] [DEBUG] Virtual environment desativado
[2026-09-09 02:37:40] [DEBUG] Otimizando performance...
[2026-09-09 02:37:40] [DEBUG] Removendo logs com mais de 30 dias...
[2026-09-09 02:37:40] [INFO] Executando benchmark...
[2026-09-09 02:37:41] [DEBUG] Detectando ambiente...
[2026-09-09 02:37:41] [INFO] Ambiente detectado: CI/CD (GitHub Actions)
[2026-09-09 02:37:41] [DEBUG] Verificando dependências do sistema...
[2026-09-09 02:37:42] [DEBUG] Python version: 3.13
[2026-09-09 02:37:42] [DEBUG] Configurando variáveis de ambiente...
[2026-09-09 02:37:42] [DEBUG] Virtual environment desativado
[2026-09-09 02:37:42] [DEBUG] Otimizando performance...
[2026-09-09 02:37:42] [DEBUG] Removendo logs com mais de 30 dias...
[2026-09-09 02:37:42] [INFO] Modo autônomo ativado
[2026-09-09 02:38:10] [DEBUG] Detectando ambiente...
[2026-09-09 02:38:10] [INFO] Ambiente detectado: CI/CD (GitHub Actions)
[2026-09-09 02:38:10] [DEBUG] Verificando dependências do sistema...
[2026-09-09 02:38:11] [DEBUG] Python version: 3.13
[2026-09-09 02:38:11] [DEBUG] Configurando variáveis de ambiente...
[2026-09-09 02:38:11] [DEBUG] Virtual environment desativado
[2026-09-09 02:38:11] [DEBUG] Otimizando performance...
[2026-09-09 02:38:12] [DEBUG] Removendo logs com mais de 30 dias...
[2026-09-09 02:38:12] [INFO] Executando benchmark...
[2026-09-09 02:38:17] [DEBUG] Detectando ambiente...
[2026-09-09 02:38:17] [INFO] Ambiente detectado: CI/CD (GitHub Actions)
[2026-09-09 02:38:17] [DEBUG] Verificando dependências do sistema...
[2026-09-09 02:38:18] [DEBUG] Python version: 3.13
[2026-09-09 02:38:18] [DEBUG] Configurando variáveis de ambiente...
[2026-09-09 02:38:18] [DEBUG] Virtual environment desativado
[2026-09-09 02:38:18] [DEBUG] Otimizando performance...
[2026-09-09 02:38:18] [DEBUG] Removendo logs com mais de 30 dias...
[2026-09-09 02:38:18] [INFO] Executando benchmark...
[2026-09-09 02:38:30] [DEBUG] Detectando ambiente...
[2026-09-09 02:38:30] [INFO] Ambiente detectado: CI/CD (GitHub Actions)
[2026-09-09 02:38:30] [DEBUG] Verificando dependências do sistema...
[2026-09-09 02:38:31] [DEBUG] Python version: 3.13
[2026-09-09 02:38:31] [DEBUG] Configurando variáveis de ambiente...
[2026-09-09 02:38:31] [DEBUG] Virtual environment desativado
[2026-09-09 02:38:31] [DEBUG] Otimizando performance...
[2026-09-09 02:38:31] [DEBUG] Removendo logs com mais de 30 dias...
[2026-09-09 02:38:31] [INFO] Executando benchmark...
[2026-09-09 02:39:07] [DEBUG] Detectando ambiente...
[2026-09-09 02:39:07] [INFO] Ambiente detectado: CI/CD (GitHub Actions)
[2026-09-09 02:39:07] [DEBUG] Verificando dependências do sistema...
[2026-09-09 02:39:07] [DEBUG] Python version: 3.13
[2026-09-09 02:39:07] [DEBUG] Configurando variáveis de ambiente...
[2026-09-09 02:39:07] [DEBUG] Virtual environment desativado
[2026-09-09 02:39:07] [DEBUG] Otimizando performance...
[2026-09-09 02:39:08] [DEBUG] Removendo logs com mais de 30 dias...
[2026-09-09 02:39:08] [INFO] Executando release gate...
[2026-09-09 02:39:09] [DEBUG] Detectando ambiente...
[2026-09-09 02:39:09] [INFO] Ambiente detectado: CI/CD (GitHub Actions)
[2026-09-09 02:39:09] [DEBUG] Verificando dependências do sistema...
[2026-09-09 02:39:10] [DEBUG] Python version: 3.13
[2026-09-09 02:39:10] [DEBUG] Configurando variáveis de ambiente...
[2026-09-09 02:39:10] [DEBUG] Virtual environment desativado
[2026-09-09 02:39:10] [DEBUG] Otimizando performance...
[2026-09-09 02:39:10] [WARNING] ATENA já está em execução (PID: 1819)
[2026-09-09 02:39:10] [ERROR] Use ATENA_FORCE=true para forçar execução
[2026-09-09 02:39:14] [DEBUG] Detectando ambiente...
[2026-09-09 02:39:14] [INFO] Ambiente detectado: CI/CD (GitHub Actions)
[2026-09-09 02:39:14] [DEBUG] Verificando dependências do sistema...
[2026-09-09 02:39:14] [DEBUG] Python version: 3.13
[2026-09-09 02:39:14] [DEBUG] Configurando variáveis de ambiente...
[2026-09-09 02:39:14] [DEBUG] Virtual environment desativado
[2026-09-09 02:39:14] [DEBUG] Otimizando performance...
[2026-09-09 02:39:15] [WARNING] ATENA já está em execução (PID: 1819)
[2026-09-09 02:39:15] [ERROR] Use ATENA_FORCE=true para forçar execução
[2026-09-09 02:39:15] [DEBUG] Detectando ambiente...
[2026-09-09 02:39:15] [INFO] Ambiente detectado: CI/CD (GitHub Actions)
[2026-09-09 02:39:15] [DEBUG] Verificando dependências do sistema...
[2026-09-09 02:39:16] [DEBUG] Python version: 3.13
[2026-09-09 02:39:16] [DEBUG] Configurando variáveis de ambiente...
[2026-09-09 02:39:16] [DEBUG] Virtual environment desativado
[2026-09-09 02:39:16] [DEBUG] Otimizando performance...
[2026-09-09 02:39:16] [WARNING] ATENA já está em execução (PID: 1819)
[2026-09-09 02:39:16] [ERROR] Use ATENA_FORCE=true para forçar execução
[2026-09-09 02:39:16] [DEBUG] Detectando ambiente...
[2026-09-09 02:39:16] [INFO] Ambiente detectado: CI/CD (GitHub Actions)
[2026-09-09 02:39:16] [DEBUG] Verificando dependências do sistema...
[2026-09-09 02:39:17] [DEBUG] Python version: 3.13
[2026-09-09 02:39:17] [DEBUG] Configurando variáveis de ambiente...
[2026-09-09 02:39:17] [DEBUG] Virtual environment desativado
[2026-09-09 02:39:17] [DEBUG] Otimizando performance...
[2026-09-09 02:39:17] [WARNING] ATENA já está em execução (PID: 1819)
[2026-09-09 02:39:17] [ERROR] Use ATENA_FORCE=true para forçar execução
[2026-09-09 02:39:18] [DEBUG] Detectando ambiente...
[2026-09-09 02:39:18] [INFO] Ambiente detectado: CI/CD (GitHub Actions)
[2026-09-09 02:39:18] [DEBUG] Verificando dependências do sistema...
[2026-09-09 02:39:19] [DEBUG] Python version: 3.13
[2026-09-09 02:39:19] [HEADER] 🔧 ATENA Doctor - Diagnóstico do Sistema
[2026-09-09 02:39:21] [DEBUG] Detectando ambiente...
[2026-09-09 02:39:21] [INFO] Ambiente detectado: CI/CD (GitHub Actions)
[2026-09-09 02:39:21] [DEBUG] Verificando dependências do sistema...
[2026-09-09 02:39:21] [DEBUG] Python version: 3.13
[2026-09-09 02:39:21] [DEBUG] Configurando variáveis de ambiente...
[2026-09-09 02:39:21] [DEBUG] Virtual environment desativado
[2026-09-09 02:39:21] [DEBUG] Otimizando performance...
[2026-09-09 02:39:22] [DEBUG] Removendo logs com mais de 30 dias...
[2026-09-09 02:39:22] [INFO] Executando self-test...
[2026-09-09 02:39:25] [DEBUG] Detectando ambiente...
[2026-09-09 02:39:25] [INFO] Ambiente detectado: CI/CD (GitHub Actions)
[2026-09-09 02:39:25] [DEBUG] Verificando dependências do sistema...
[2026-09-09 02:39:26] [DEBUG] Python version: 3.13
[2026-09-09 02:39:26] [DEBUG] Configurando variáveis de ambiente...
[2026-09-09 02:39:26] [DEBUG] Virtual environment desativado
[2026-09-09 02:39:26] [DEBUG] Otimizando performance...
[2026-09-09 02:39:26] [DEBUG] Removendo logs com mais de 30 dias...
[2026-09-09 02:39:26] [INFO] Executando benchmark...
[2026-09-09 02:41:50] [DEBUG] Detectando ambiente...
[2026-09-09 02:41:50] [INFO] Ambiente detectado: CI/CD (GitHub Actions)
[2026-09-09 02:41:50] [DEBUG] Verificando dependências do sistema...
[2026-09-09 02:41:51] [DEBUG] Python version: 3.13
[2026-09-09 02:41:51] [DEBUG] Configurando variáveis de ambiente...
[2026-09-09 02:41:51] [DEBUG] Virtual environment desativado
[2026-09-09 02:41:51] [DEBUG] Otimizando performance...
[2026-09-09 02:41:52] [DEBUG] Removendo logs com mais de 30 dias...
[2026-09-09 02:41:52] [INFO] Executando benchmark...
[2026-09-09 02:41:52] [DEBUG] Detectando ambiente...
[2026-09-09 02:41:52] [INFO] Ambiente detectado: CI/CD (GitHub Actions)
[2026-09-09 02:41:52] [DEBUG] Verificando dependências do sistema...
[2026-09-09 02:41:53] [DEBUG] Python version: 3.13
[2026-09-09 02:41:53] [DEBUG] Configurando variáveis de ambiente...
[2026-09-09 02:41:53] [DEBUG] Virtual environment desativado
[2026-09-09 02:41:53] [DEBUG] Otimizando performance...
[2026-09-09 02:41:53] [DEBUG] Removendo logs com mais de 30 dias...
[2026-09-09 02:41:54] [INFO] Executando release gate...
[2026-09-09 02:41:55] [DEBUG] Detectando ambiente...
[2026-09-09 02:41:55] [INFO] Ambiente detectado: CI/CD (GitHub Actions)
[2026-09-09 02:41:55] [DEBUG] Verificando dependências do sistema...
[2026-09-09 02:41:55] [DEBUG] Python version: 3.13
[2026-09-09 02:41:55] [DEBUG] Configurando variáveis de ambiente...
[2026-09-09 02:41:55] [DEBUG] Virtual environment desativado
[2026-09-09 02:41:55] [DEBUG] Otimizando performance...
[2026-09-09 02:41:56] [WARNING] ATENA já está em execução (PID: 2580)
[2026-09-09 02:41:56] [ERROR] Use ATENA_FORCE=true para forçar execução
[2026-09-09 02:41:59] [DEBUG] Detectando ambiente...
[2026-09-09 02:41:59] [INFO] Ambiente detectado: CI/CD (GitHub Actions)
[2026-09-09 02:41:59] [DEBUG] Verificando dependências do sistema...
[2026-09-09 02:42:00] [DEBUG] Python version: 3.13
[2026-09-09 02:42:00] [DEBUG] Configurando variáveis de ambiente...
[2026-09-09 02:42:00] [DEBUG] Virtual environment desativado
[2026-09-09 02:42:00] [DEBUG] Otimizando performance...
[2026-09-09 02:42:00] [WARNING] ATENA já está em execução (PID: 2580)
[2026-09-09 02:42:00] [ERROR] Use ATENA_FORCE=true para forçar execução
[2026-09-09 02:42:00] [DEBUG] Detectando ambiente...
[2026-09-09 02:42:00] [INFO] Ambiente detectado: CI/CD (GitHub Actions)
[2026-09-09 02:42:00] [DEBUG] Verificando dependências do sistema...
[2026-09-09 02:42:01] [DEBUG] Python version: 3.13
[2026-09-09 02:42:01] [DEBUG] Configurando variáveis de ambiente...
[2026-09-09 02:42:01] [DEBUG] Virtual environment desativado
[2026-09-09 02:42:01] [DEBUG] Otimizando performance...
[2026-09-09 02:42:01] [WARNING] ATENA já está em execução (PID: 2580)
[2026-09-09 02:42:01] [ERROR] Use ATENA_FORCE=true para forçar execução
[2026-09-09 02:42:01] [DEBUG] Detectando ambiente...
[2026-09-09 02:42:01] [INFO] Ambiente detectado: CI/CD (GitHub Actions)
[2026-09-09 02:42:01] [DEBUG] Verificando dependências do sistema...
[2026-09-09 02:42:02] [DEBUG] Python version: 3.13
[2026-09-09 02:42:02] [DEBUG] Configurando variáveis de ambiente...
[2026-09-09 02:42:02] [DEBUG] Virtual environment desativado
[2026-09-09 02:42:02] [DEBUG] Otimizando performance...
[2026-09-09 02:42:03] [WARNING] ATENA já está em execução (PID: 2580)
[2026-09-09 02:42:03] [ERROR] Use ATENA_FORCE=true para forçar execução
[2026-09-09 02:42:03] [DEBUG] Detectando ambiente...
[2026-09-09 02:42:03] [INFO] Ambiente detectado: CI/CD (GitHub Actions)
[2026-09-09 02:42:03] [DEBUG] Verificando dependências do sistema...
[2026-09-09 02:42:04] [DEBUG] Python version: 3.13
[2026-09-09 02:42:04] [HEADER] 🔧 ATENA Doctor - Diagnóstico do Sistema
[2026-09-09 02:42:17] [DEBUG] Detectando ambiente...
[2026-09-09 02:42:17] [INFO] Ambiente detectado: CI/CD (GitHub Actions)
[2026-09-09 02:42:17] [DEBUG] Verificando dependências do sistema...
[2026-09-09 02:42:18] [DEBUG] Python version: 3.13
[2026-09-09 02:42:18] [DEBUG] Configurando variáveis de ambiente...
[2026-09-09 02:42:18] [DEBUG] Virtual environment desativado
[2026-09-09 02:42:18] [DEBUG] Otimizando performance...
[2026-09-09 02:42:18] [DEBUG] Removendo logs com mais de 30 dias...
[2026-09-09 02:42:18] [INFO] Executando benchmark...
[2026-09-09 02:42:19] [DEBUG] Detectando ambiente...
[2026-09-09 02:42:19] [INFO] Ambiente detectado: CI/CD (GitHub Actions)
[2026-09-09 02:42:19] [DEBUG] Verificando dependências do sistema...
[2026-09-09 02:42:20] [DEBUG] Python version: 3.13
[2026-09-09 02:42:20] [DEBUG] Configurando variáveis de ambiente...
[2026-09-09 02:42:20] [DEBUG] Virtual environment desativado
[2026-09-09 02:42:20] [DEBUG] Otimizando performance...
[2026-09-09 02:42:20] [DEBUG] Removendo logs com mais de 30 dias...
[2026-09-09 02:42:20] [INFO] Executando release gate...
[2026-09-09 02:42:21] [DEBUG] Detectando ambiente...
[2026-09-09 02:42:21] [INFO] Ambiente detectado: CI/CD (GitHub Actions)
[2026-09-09 02:42:21] [DEBUG] Verificando dependências do sistema...
[2026-09-09 02:42:22] [DEBUG] Python version: 3.13
[2026-09-09 02:42:22] [DEBUG] Configurando variáveis de ambiente...
[2026-09-09 02:42:22] [DEBUG] Virtual environment desativado
[2026-09-09 02:42:22] [DEBUG] Otimizando performance...
[2026-09-09 02:42:23] [WARNING] ATENA já está em execução (PID: 3101)
[2026-09-09 02:42:23] [ERROR] Use ATENA_FORCE=true para forçar execução
[2026-09-09 02:42:26] [DEBUG] Detectando ambiente...
[2026-09-09 02:42:26] [INFO] Ambiente detectado: CI/CD (GitHub Actions)
[2026-09-09 02:42:26] [DEBUG] Verificando dependências do sistema...
[2026-09-09 02:42:27] [DEBUG] Python version: 3.13
[2026-09-09 02:42:27] [DEBUG] Configurando variáveis de ambiente...
[2026-09-09 02:42:27] [DEBUG] Virtual environment desativado
[2026-09-09 02:42:27] [DEBUG] Otimizando performance...
[2026-09-09 02:42:28] [WARNING] ATENA já está em execução (PID: 3101)
[2026-09-09 02:42:28] [ERROR] Use ATENA_FORCE=true para forçar execução
[2026-09-09 02:42:28] [DEBUG] Detectando ambiente...
[2026-09-09 02:42:28] [INFO] Ambiente detectado: CI/CD (GitHub Actions)
[2026-09-09 02:42:28] [DEBUG] Verificando dependências do sistema...
[2026-09-09 02:42:28] [DEBUG] Python version: 3.13
[2026-09-09 02:42:28] [DEBUG] Configurando variáveis de ambiente...
[2026-09-09 02:42:28] [DEBUG] Virtual environment desativado
[2026-09-09 02:42:28] [DEBUG] Otimizando performance...
[2026-09-09 02:42:29] [WARNING] ATENA já está em execução (PID: 3101)
[2026-09-09 02:42:29] [ERROR] Use ATENA_FORCE=true para forçar execução
[2026-09-09 02:42:29] [DEBUG] Detectando ambiente...
[2026-09-09 02:42:29] [INFO] Ambiente detectado: CI/CD (GitHub Actions)
[2026-09-09 02:42:29] [DEBUG] Verificando dependências do sistema...
[2026-09-09 02:42:29] [DEBUG] Python version: 3.13
[2026-09-09 02:42:29] [DEBUG] Configurando variáveis de ambiente...
[2026-09-09 02:42:30] [DEBUG] Virtual environment desativado
[2026-09-09 02:42:30] [DEBUG] Otimizando performance...
[2026-09-09 02:42:30] [WARNING] ATENA já está em execução (PID: 3101)
[2026-09-09 02:42:30] [ERROR] Use ATENA_FORCE=true para forçar execução
[2026-09-09 02:42:31] [DEBUG] Detectando ambiente...
[2026-09-09 02:42:31] [INFO] Ambiente detectado: CI/CD (GitHub Actions)
[2026-09-09 02:42:31] [DEBUG] Verificando dependências do sistema...
[2026-09-09 02:42:31] [DEBUG] Python version: 3.13
[2026-09-09 02:42:31] [HEADER] 🔧 ATENA Doctor - Diagnóstico do Sistema
[2026-09-09 02:42:54] [DEBUG] Detectando ambiente...
[2026-09-09 02:42:54] [INFO] Ambiente detectado: CI/CD (GitHub Actions)
[2026-09-09 02:42:54] [DEBUG] Verificando dependências do sistema...
[2026-09-09 02:42:55] [DEBUG] Python version: 3.13
[2026-09-09 02:42:55] [DEBUG] Configurando variáveis de ambiente...
[2026-09-09 02:42:55] [DEBUG] Virtual environment desativado
[2026-09-09 02:42:55] [DEBUG] Otimizando performance...
[2026-09-09 02:42:56] [DEBUG] Removendo logs com mais de 30 dias...
[2026-09-09 02:42:56] [INFO] Executando benchmark...
[2026-09-09 02:42:56] [DEBUG] Detectando ambiente...
[2026-09-09 02:42:56] [INFO] Ambiente detectado: CI/CD (GitHub Actions)
[2026-09-09 02:42:56] [DEBUG] Verificando dependências do sistema...
[2026-09-09 02:42:57] [DEBUG] Python version: 3.13
[2026-09-09 02:42:57] [DEBUG] Configurando variáveis de ambiente...
[2026-09-09 02:42:57] [DEBUG] Virtual environment desativado
[2026-09-09 02:42:57] [DEBUG] Otimizando performance...
[2026-09-09 02:42:58] [DEBUG] Removendo logs com mais de 30 dias...
[2026-09-09 02:42:58] [INFO] Executando release gate...
[2026-09-09 02:42:59] [DEBUG] Detectando ambiente...
[2026-09-09 02:42:59] [INFO] Ambiente detectado: CI/CD (GitHub Actions)
[2026-09-09 02:42:59] [DEBUG] Verificando dependências do sistema...
[2026-09-09 02:42:59] [DEBUG] Python version: 3.13
[2026-09-09 02:42:59] [DEBUG] Configurando variáveis de ambiente...
[2026-09-09 02:42:59] [DEBUG] Virtual environment desativado
[2026-09-09 02:42:59] [DEBUG] Otimizando performance...
[2026-09-09 02:43:00] [WARNING] ATENA já está em execução (PID: 3640)
[2026-09-09 02:43:00] [ERROR] Use ATENA_FORCE=true para forçar execução
[2026-09-09 02:43:04] [DEBUG] Detectando ambiente...
[2026-09-09 02:43:04] [INFO] Ambiente detectado: CI/CD (GitHub Actions)
[2026-09-09 02:43:04] [DEBUG] Verificando dependências do sistema...
[2026-09-09 02:43:04] [DEBUG] Python version: 3.13
[2026-09-09 02:43:04] [DEBUG] Configurando variáveis de ambiente...
[2026-09-09 02:43:04] [DEBUG] Virtual environment desativado
[2026-09-09 02:43:04] [DEBUG] Otimizando performance...
[2026-09-09 02:43:05] [WARNING] ATENA já está em execução (PID: 3640)
[2026-09-09 02:43:05] [ERROR] Use ATENA_FORCE=true para forçar execução
[2026-09-09 02:43:05] [DEBUG] Detectando ambiente...
[2026-09-09 02:43:05] [INFO] Ambiente detectado: CI/CD (GitHub Actions)
[2026-09-09 02:43:05] [DEBUG] Verificando dependências do sistema...
[2026-09-09 02:43:05] [DEBUG] Python version: 3.13
[2026-09-09 02:43:05] [DEBUG] Configurando variáveis de ambiente...
[2026-09-09 02:43:05] [DEBUG] Virtual environment desativado
[2026-09-09 02:43:05] [DEBUG] Otimizando performance...
[2026-09-09 02:43:06] [WARNING] ATENA já está em execução (PID: 3640)
[2026-09-09 02:43:06] [ERROR] Use ATENA_FORCE=true para forçar execução
[2026-09-09 02:43:06] [DEBUG] Detectando ambiente...
[2026-09-09 02:43:06] [INFO] Ambiente detectado: CI/CD (GitHub Actions)
[2026-09-09 02:43:06] [DEBUG] Verificando dependências do sistema...
[2026-09-09 02:43:07] [DEBUG] Python version: 3.13
[2026-09-09 02:43:07] [DEBUG] Configurando variáveis de ambiente...
[2026-09-09 02:43:07] [DEBUG] Virtual environment desativado
[2026-09-09 02:43:07] [DEBUG] Otimizando performance...
[2026-09-09 02:43:07] [WARNING] ATENA já está em execução (PID: 3640)
[2026-09-09 02:43:07] [ERROR] Use ATENA_FORCE=true para forçar execução
[2026-09-09 02:43:08] [DEBUG] Detectando ambiente...
[2026-09-09 02:43:08] [INFO] Ambiente detectado: CI/CD (GitHub Actions)
[2026-09-09 02:43:08] [DEBUG] Verificando dependências do sistema...
[2026-09-09 02:43:08] [DEBUG] Python version: 3.13
[2026-09-09 02:43:08] [HEADER] 🔧 ATENA Doctor - Diagnóstico do Sistema
